Component: Arm Compiler for Embedded 6.23 Tool: armlink [5f102400]

==============================================================================

Section Cross References

    startup_stm32f407xx.o(STACK) refers (Special) to heapauxi.o(.text) for __use_two_region_memory
    startup_stm32f407xx.o(HEAP) refers (Special) to heapauxi.o(.text) for __use_two_region_memory
    startup_stm32f407xx.o(RESET) refers (Special) to heapauxi.o(.text) for __use_two_region_memory
    startup_stm32f407xx.o(RESET) refers to startup_stm32f407xx.o(STACK) for __initial_sp
    startup_stm32f407xx.o(RESET) refers to startup_stm32f407xx.o(.text) for Reset_Handler
    startup_stm32f407xx.o(RESET) refers to stm32f4xx_it.o(.text.NMI_Handler) for NMI_Handler
    startup_stm32f407xx.o(RESET) refers to context_rvds.o(.text) for HardFault_Handler
    startup_stm32f407xx.o(RESET) refers to stm32f4xx_it.o(.text.MemManage_Handler) for MemManage_Handler
    startup_stm32f407xx.o(RESET) refers to stm32f4xx_it.o(.text.BusFault_Handler) for BusFault_Handler
    startup_stm32f407xx.o(RESET) refers to stm32f4xx_it.o(.text.UsageFault_Handler) for UsageFault_Handler
    startup_stm32f407xx.o(RESET) refers to stm32f4xx_it.o(.text.DebugMon_Handler) for DebugMon_Handler
    startup_stm32f407xx.o(RESET) refers to board.o(.text.SysTick_Handler) for SysTick_Handler
    startup_stm32f407xx.o(RESET) refers to stm32f4xx_it.o(.text.TIM1_UP_TIM10_IRQHandler) for TIM1_UP_TIM10_IRQHandler
    startup_stm32f407xx.o(.text) refers (Special) to heapauxi.o(.text) for __use_two_region_memory
    startup_stm32f407xx.o(.text) refers to system_stm32f4xx.o(.text.SystemInit) for SystemInit
    startup_stm32f407xx.o(.text) refers to __main.o(!!!main) for __main
    startup_stm32f407xx.o(.text) refers to startup_stm32f407xx.o(HEAP) for Heap_Mem
    startup_stm32f407xx.o(.text) refers to startup_stm32f407xx.o(STACK) for Stack_Mem
    main.o(.text.fputc) refers to usart.o(.bss.huart1) for huart1
    main.o(.text.fputc) refers to stm32f4xx_hal_uart.o(.text.HAL_UART_Transmit) for HAL_UART_Transmit
    main.o(.ARM.exidx.text.fputc) refers to main.o(.text.fputc) for [Anonymous Symbol]
    main.o(.text.main) refers to stm32f4xx_hal.o(.text.HAL_Init) for HAL_Init
    main.o(.text.main) refers to main.o(.text.SystemClock_Config) for SystemClock_Config
    main.o(.text.main) refers to gpio.o(.text.MX_GPIO_Init) for MX_GPIO_Init
    main.o(.text.main) refers to usart.o(.text.MX_USART1_UART_Init) for MX_USART1_UART_Init
    main.o(.text.main) refers to thread.o(.text.rt_thread_mdelay) for rt_thread_mdelay
    main.o(.ARM.exidx.text.main) refers to main.o(.text.main) for [Anonymous Symbol]
    main.o(.text.SystemClock_Config) refers to rt_memclr_w.o(.text) for __aeabi_memclr4
    main.o(.text.SystemClock_Config) refers to stm32f4xx_hal_rcc.o(.text.HAL_RCC_OscConfig) for HAL_RCC_OscConfig
    main.o(.text.SystemClock_Config) refers to stm32f4xx_hal_rcc.o(.text.HAL_RCC_ClockConfig) for HAL_RCC_ClockConfig
    main.o(.ARM.exidx.text.SystemClock_Config) refers to main.o(.text.SystemClock_Config) for [Anonymous Symbol]
    main.o(.ARM.exidx.text.Error_Handler) refers to main.o(.text.Error_Handler) for [Anonymous Symbol]
    main.o(.text.HAL_TIM_PeriodElapsedCallback) refers to stm32f4xx_hal.o(.text.HAL_IncTick) for HAL_IncTick
    main.o(.ARM.exidx.text.HAL_TIM_PeriodElapsedCallback) refers to main.o(.text.HAL_TIM_PeriodElapsedCallback) for [Anonymous Symbol]
    gpio.o(.ARM.exidx.text.MX_GPIO_Init) refers to gpio.o(.text.MX_GPIO_Init) for [Anonymous Symbol]
    usart.o(.text.MX_USART1_UART_Init) refers to usart.o(.bss.huart1) for huart1
    usart.o(.text.MX_USART1_UART_Init) refers to stm32f4xx_hal_uart.o(.text.HAL_UART_Init) for HAL_UART_Init
    usart.o(.text.MX_USART1_UART_Init) refers to main.o(.text.Error_Handler) for Error_Handler
    usart.o(.ARM.exidx.text.MX_USART1_UART_Init) refers to usart.o(.text.MX_USART1_UART_Init) for [Anonymous Symbol]
    usart.o(.text.HAL_UART_MspInit) refers to stm32f4xx_hal_gpio.o(.text.HAL_GPIO_Init) for HAL_GPIO_Init
    usart.o(.ARM.exidx.text.HAL_UART_MspInit) refers to usart.o(.text.HAL_UART_MspInit) for [Anonymous Symbol]
    usart.o(.text.HAL_UART_MspDeInit) refers to stm32f4xx_hal_gpio.o(.text.HAL_GPIO_DeInit) for HAL_GPIO_DeInit
    usart.o(.ARM.exidx.text.HAL_UART_MspDeInit) refers to usart.o(.text.HAL_UART_MspDeInit) for [Anonymous Symbol]
    stm32f4xx_it.o(.ARM.exidx.text.NMI_Handler) refers to stm32f4xx_it.o(.text.NMI_Handler) for [Anonymous Symbol]
    stm32f4xx_it.o(.ARM.exidx.text.MemManage_Handler) refers to stm32f4xx_it.o(.text.MemManage_Handler) for [Anonymous Symbol]
    stm32f4xx_it.o(.ARM.exidx.text.BusFault_Handler) refers to stm32f4xx_it.o(.text.BusFault_Handler) for [Anonymous Symbol]
    stm32f4xx_it.o(.ARM.exidx.text.UsageFault_Handler) refers to stm32f4xx_it.o(.text.UsageFault_Handler) for [Anonymous Symbol]
[...]
    [Anonymous Symbol]                       0x08003780   Section        0  scheduler.o(.text.rt_enter_critical)
    [Anonymous Symbol]                       0x0800379c   Section        0  scheduler.o(.text.rt_exit_critical)
    [Anonymous Symbol]                       0x080037d8   Section        0  board.o(.text.rt_hw_board_init)
    [Anonymous Symbol]                       0x08003804   Section        0  board.o(.text.rt_hw_console_getchar)
    [Anonymous Symbol]                       0x08003830   Section        0  board.o(.text.rt_hw_console_output)
    [Anonymous Symbol]                       0x08003890   Section        0  cpuport.o(.text.rt_hw_cpu_reset)
    [Anonymous Symbol]                       0x080038a4   Section        0  cpuport.o(.text.rt_hw_hard_fault_exception)
    [Anonymous Symbol]                       0x08003ce8   Section        0  cpuport.o(.text.rt_hw_stack_init)
    [Anonymous Symbol]                       0x08003d2c   Section        0  irq.o(.text.rt_interrupt_enter)
    [Anonymous Symbol]                       0x08003d48   Section        0  irq.o(.text.rt_interrupt_leave)
    [Anonymous Symbol]                       0x08003d64   Section        0  kservice.o(.text.rt_kprintf)
    [Anonymous Symbol]                       0x08003da4   Section        0  kservice.o(.text.rt_memcpy)
    [Anonymous Symbol]                       0x08003f94   Section        0  kservice.o(.text.rt_memmove)
    [Anonymous Symbol]                       0x0800408c   Section        0  kservice.o(.text.rt_memset)
    [Anonymous Symbol]                       0x0800419c   Section        0  object.o(.text.rt_object_detach)
    [Anonymous Symbol]                       0x080041c0   Section        0  object.o(.text.rt_object_get_information)
    [Anonymous Symbol]                       0x080041ec   Section        0  object.o(.text.rt_object_init)
    [Anonymous Symbol]                       0x0800426c   Section        0  object.o(.text.rt_object_is_systemobject)
    [Anonymous Symbol]                       0x08004274   Section        0  scheduler.o(.text.rt_schedule)
    [Anonymous Symbol]                       0x08004418   Section        0  scheduler.o(.text.rt_schedule_insert_thread)
    [Anonymous Symbol]                       0x08004498   Section        0  scheduler.o(.text.rt_schedule_remove_thread)
    [Anonymous Symbol]                       0x080044ec   Section        0  ipc.o(.text.rt_sem_init)
    [Anonymous Symbol]                       0x0800450c   Section        0  kservice.o(.text.rt_show_version)
    [Anonymous Symbol]                       0x080045d4   Section        0  kservice.o(.text.rt_sprintf)
    [Anonymous Symbol]                       0x080045f8   Section        0  kservice.o(.text.rt_strerror)
    rt_errno_strs                            0x08004614   Number         0  kservice.o(.text.rt_strerror)
    [Anonymous Symbol]                       0x08004644   Section        0  kservice.o(.text.rt_strlen)
    [Anonymous Symbol]                       0x08004674   Section        0  kservice.o(.text.rt_strncpy)
    [Anonymous Symbol]                       0x0800470c   Section        0  scheduler.o(.text.rt_system_scheduler_init)
    [Anonymous Symbol]                       0x08004828   Section        0  scheduler.o(.text.rt_system_scheduler_start)
    [Anonymous Symbol]                       0x08004890   Section        0  timer.o(.text.rt_system_timer_init)
    [Anonymous Symbol]                       0x080048a0   Section        0  timer.o(.text.rt_system_timer_thread_init)
    [Anonymous Symbol]                       0x080048a4   Section        0  idle.o(.text.rt_thread_defunct_enqueue)
    rt_thread_idle_entry                     0x080048bd   Thumb Code    90  idle.o(.text.rt_thread_idle_entry)
    [Anonymous Symbol]                       0x080048bc   Section        0  idle.o(.text.rt_thread_idle_entry)
    [Anonymous Symbol]                       0x08004918   Section        0  idle.o(.text.rt_thread_idle_init)
    [Anonymous Symbol]                       0x08004970   Section        0  thread.o(.text.rt_thread_init)
    [Anonymous Symbol]                       0x080049fc   Section        0  thread.o(.text.rt_thread_mdelay)
    [Anonymous Symbol]                       0x08004a0c   Section        0  thread.o(.text.rt_thread_self)
    [Anonymous Symbol]                       0x08004a18   Section        0  thread.o(.text.rt_thread_sleep)
    [Anonymous Symbol]                       0x08004a94   Section        0  thread.o(.text.rt_thread_startup)
    [Anonymous Symbol]                       0x08004aec   Section        0  clock.o(.text.rt_tick_from_millisecond)
    [Anonymous Symbol]                       0x08004af4   Section        0  clock.o(.text.rt_tick_get)
    [Anonymous Symbol]                       0x08004b00   Section        0  clock.o(.text.rt_tick_increase)
    [Anonymous Symbol]                       0x08004b54   Section        0  timer.o(.text.rt_timer_check)
    [Anonymous Symbol]                       0x08004ca0   Section        0  timer.o(.text.rt_timer_control)
    [Anonymous Symbol]                       0x08004d14   Section        0  timer.o(.text.rt_timer_detach)
    [Anonymous Symbol]                       0x08004d44   Section        0  timer.o(.text.rt_timer_init)
    [Anonymous Symbol]                       0x08004d78   Section        0  timer.o(.text.rt_timer_start)
    [Anonymous Symbol]                       0x08004e3c   Section        0  timer.o(.text.rt_timer_stop)
    [Anonymous Symbol]                       0x08004e74   Section        0  kservice.o(.text.rt_vsnprintf)
    rti_board_end                            0x08005691   Thumb Code     4  components.o(.text.rti_board_end)
    [Anonymous Symbol]                       0x08005690   Section        0  components.o(.text.rti_board_end)
    rti_board_start                          0x08005695   Thumb Code     4  components.o(.text.rti_board_start)
    [Anonymous Symbol]                       0x08005694   Section        0  components.o(.text.rti_board_start)
    rti_end                                  0x08005699   Thumb Code     4  components.o(.text.rti_end)
    [Anonymous Symbol]                       0x08005698   Section        0  components.o(.text.rti_end)
    rti_start                                0x0800569d   Thumb Code     4  components.o(.text.rti_start)
    [Anonymous Symbol]                       0x0800569c   Section        0  components.o(.text.rti_start)
    uart_init                                0x080056a1   Thumb Code    56  board.o(.text.uart_init)
    [Anonymous Symbol]                       0x080056a0   Section        0  board.o(.text.uart_init)
    [Anonymous Symbol]                       0x080056d8   Section        0  cmd.o(.text.version)
    $v0                                      0x080056e2   Number         0  fpinit.o(x$fpl$fpinit)
    x$fpl$fpinit                             0x080056e2   Section       26  fpinit.o(x$fpl$fpinit)
    .L.str.22                                0x080058fb   Data          10  cmd.o(.rodata.str1.1)
    [Anonymous Symbol]                       0x080058fb   Section        0  cmd.o(.rodata.str1.1)
    .L.str.1                                 0x08005905   Data          68  cmd.o(.rodata.str1.1)
    .L.str.23                                0x08005949   Data          10  cmd.o(.rodata.str1.1)
    .L.str.20                                0x08005953   Data          13  cmd.o(.rodata.str1.1)
    .L.str.21                                0x0800597b   Data          13  cmd.o(.rodata.str1.1)
    .L.str.19                                0x08005988   Data          22  cmd.o(.rodata.str1.1)
    .L.str.32                                0x0800599e   Data           2  cmd.o(.rodata.str1.1)
    .L.str                                   0x080059a0   Data           7  cmd.o(.rodata.str1.1)
    .L.str.16                                0x080059b9   Data           6  cmd.o(.rodata.str1.1)
    .L.str                                   0x080059bf   Data          27  msh.o(.rodata.str1.1)
    [Anonymous Symbol]                       0x080059bf   Section        0  msh.o(.rodata.str1.1)
    .L.str.1                                 0x080059da   Data          12  msh.o(.rodata.str1.1)
    .L.str.2                                 0x080059e6   Data           2  shell.o(.rodata.str1.1)
    [Anonymous Symbol]                       0x080059e6   Section        0  shell.o(.rodata.str1.1)
    .L.str.3                                 0x080059ed   Data           3  shell.o(.rodata.str1.1)
    .L.str.17                                0x080059f0   Data          26  cpuport.o(.rodata.str1.1)
    [Anonymous Symbol]                       0x080059f0   Section        0  cpuport.o(.rodata.str1.1)
    .L.str.16                                0x08005a0a   Data          29  cpuport.o(.rodata.str1.1)
    .L.str.18                                0x08005a27   Data          14  cpuport.o(.rodata.str1.1)
    .L.str.31                                0x08005a35   Data          19  cpuport.o(.rodata.str1.1)
    .L.str.38                                0x08005a48   Data          14  cpuport.o(.rodata.str1.1)
    .L.str.22                                0x08005a56   Data          12  cpuport.o(.rodata.str1.1)
    .L.str.29                                0x08005a62   Data          16  cpuport.o(.rodata.str1.1)
    .L.str.37                                0x08005a72   Data          16  cpuport.o(.rodata.str1.1)
    .L.str.20                                0x08005a82   Data          21  cpuport.o(.rodata.str1.1)
    .L.str.21                                0x08005a97   Data          13  cpuport.o(.rodata.str1.1)
    .L.str.1                                 0x08005aa4   Data          13  cpuport.o(.rodata.str1.1)
    .L.str.2                                 0x08005ab1   Data          13  cpuport.o(.rodata.str1.1)
    .L.str.3                                 0x08005abe   Data          13  cpuport.o(.rodata.str1.1)
    .L.str.4                                 0x08005acb   Data          13  cpuport.o(.rodata.str1.1)
    .L.str.5                                 0x08005ad8   Data          13  cpuport.o(.rodata.str1.1)
    .L.str                                   0x08005ae5   Data          13  cpuport.o(.rodata.str1.1)
    .L.str.2                                 0x08005af0   Data           2  cpuport.o(.rodata.str1.1)
    .L.str.30                                0x08005af0   Data           2  cpuport.o(.rodata.str1.1)
    .L.str.6                                 0x08005af0   Data           2  cpuport.o(.rodata.str1.1)
    .L.str.42                                0x08005af2   Data           7  cpuport.o(.rodata.str1.1)
    .L.str.44                                0x08005af9   Data          11  cpuport.o(.rodata.str1.1)
    .L.str.41                                0x08005b04   Data          10  cpuport.o(.rodata.str1.1)
    .L.str.34                                0x08005b0e   Data          10  cpuport.o(.rodata.str1.1)
    .L.str.33                                0x08005b18   Data          10  cpuport.o(.rodata.str1.1)
    .L.str.45                                0x08005b22   Data          11  cpuport.o(.rodata.str1.1)
    .L.str.43                                0x08005b2d   Data           6  cpuport.o(.rodata.str1.1)
    .L.str.36                                0x08005b33   Data           9  cpuport.o(.rodata.str1.1)
    .L.str.35                                0x08005b3c   Data          11  cpuport.o(.rodata.str1.1)
    .L.str.27                                0x08005b3d   Data          10  cpuport.o(.rodata.str1.1)
    .L.str.26                                0x08005b47   Data          13  cpuport.o(.rodata.str1.1)
    .L.str.25                                0x08005b49   Data          11  cpuport.o(.rodata.str1.1)
    .L.str.24                                0x08005b54   Data           9  cpuport.o(.rodata.str1.1)
    .L.str.40                                0x08005b5d   Data          12  cpuport.o(.rodata.str1.1)
    .L.str.23                                0x08005b69   Data          22  cpuport.o(.rodata.str1.1)
    .L.str.32                                0x08005b7f   Data          22  cpuport.o(.rodata.str1.1)
    .L.str.39                                0x08005b95   Data          22  cpuport.o(.rodata.str1.1)
    .L.str                                   0x08005bab   Data           5  components.o(.rodata.str1.1)
    [Anonymous Symbol]                       0x08005bab   Section        0  components.o(.rodata.str1.1)
    .L.str                                   0x08005bb0   Data           9  kservice.o(.rodata.str1.1)
    [Anonymous Symbol]                       0x08005bb0   Section        0  kservice.o(.rodata.str1.1)
    .L.str.18                                0x08005bf3   Data           8  kservice.o(.rodata.str1.1)
    __tagsym$$used.0                         0x08005c0c   Number         0  components.o(.rti_fn.0)
    __tagsym$$used.1                         0x08005c10   Number         0  components.o(.rti_fn.0.end)
    __tagsym$$used.1                         0x08005c14   Number         0  board.o(.rti_fn.1)
    __tagsym$$used.2                         0x08005c18   Number         0  components.o(.rti_fn.1.end)
    __tagsym$$used.0                         0x08005c1c   Number         0  shell.o(.rti_fn.6)
    __tagsym$$used.3                         0x08005c20   Number         0  components.o(.rti_fn.6.end)
    __tagsym$$used.0                         0x08005c24   Number         0  cmd.o(FSymTab)
    __tagsym$$used.1                         0x08005c30   Number         0  cmd.o(FSymTab)
    __tagsym$$used.2                         0x08005c3c   Number         0  cmd.o(FSymTab)
    __tagsym$$used.3                         0x08005c48   Number         0  cmd.o(FSymTab)
    __tagsym$$used.4                         0x08005c54   Number         0  cmd.o(FSymTab)
    __tagsym$$used.5                         0x08005c60   Number         0  cmd.o(FSymTab)
    __tagsym$$used.0                         0x08005c6c   Number         0  msh.o(FSymTab)
    __tagsym$$used.0                         0x08005c78   Number         0  board.o(FSymTab)
    .L_MergedGlobals                         0x20000000   Data           8  stm32f4xx_hal.o(.data..L_MergedGlobals)
    [Anonymous Symbol]                       0x20000000   Section        0  stm32f4xx_hal.o(.data..L_MergedGlobals)
    _object_container                        0x2000000c   Data          48  object.o(.data._object_container)
    [Anonymous Symbol]                       0x2000000c   Section        0  object.o(.data._object_container)
    _rt_thread_defunct                       0x2000003c   Data           8  idle.o(.data._rt_thread_defunct)
    [Anonymous Symbol]                       0x2000003c   Section        0  idle.o(.data._rt_thread_defunct)
    .bss                                     0x20000048   Section       96  libspace.o(.bss)
    .L_MergedGlobals                         0x200000a8   Data          12  shell.o(.bss..L_MergedGlobals)
    [Anonymous Symbol]                       0x200000a8   Section        0  shell.o(.bss..L_MergedGlobals)
    .L_MergedGlobals                         0x200000b4   Data          12  scheduler.o(.bss..L_MergedGlobals)
    [Anonymous Symbol]                       0x200000b4   Section        0  scheduler.o(.bss..L_MergedGlobals)
    rt_scheduler_lock_nest                   0x200000b6   Data           2  scheduler.o(.bss..L_MergedGlobals)
    .L_MergedGlobals                         0x200000c0   Data          12  timer.o(.bss..L_MergedGlobals)
    rt_timer_start.random_nr                 0x200000c0   Data           4  timer.o(.bss..L_MergedGlobals)
    [Anonymous Symbol]                       0x200000c0   Section        0  timer.o(.bss..L_MergedGlobals)
    _timer_list                              0x200000c4   Data           8  timer.o(.bss..L_MergedGlobals)
    UartHandle                               0x200000cc   Data          72  board.o(.bss.UartHandle)
    [Anonymous Symbol]                       0x200000cc   Section        0  board.o(.bss.UartHandle)
    finsh_get_prompt.finsh_prompt            0x2000018c   Data         129  shell.o(.bss.finsh_get_prompt.finsh_prompt)
    [Anonymous Symbol]                       0x2000018c   Section        0  shell.o(.bss.finsh_get_prompt.finsh_prompt)
    finsh_thread                             0x20000210   Data         120  shell.o(.bss.finsh_thread)
    [Anonymous Symbol]                       0x20000210   Section        0  shell.o(.bss.finsh_thread)
    finsh_thread_stack                       0x20000288   Data        1024  shell.o(.bss.finsh_thread_stack)
    [Anonymous Symbol]                       0x20000288   Section        0  shell.o(.bss.finsh_thread_stack)
    idle                                     0x20000718   Data         120  idle.o(.bss.idle)
    [Anonymous Symbol]                       0x20000718   Section        0  idle.o(.bss.idle)
    main_stack                               0x20000790   Data        1024  components.o(.bss.main_stack)
    [Anonymous Symbol]                       0x20000790   Section        0  components.o(.bss.main_stack)
    rt_exception_hook                        0x20000c08   Data           4  cpuport.o(.bss.rt_exception_hook)
    [Anonymous Symbol]                       0x20000c08   Section        0  cpuport.o(.bss.rt_exception_hook)
    rt_kprintf.rt_log_buf                    0x20000c18   Data         128  kservice.o(.bss.rt_kprintf.rt_log_buf)
    [Anonymous Symbol]                       0x20000c18   Section        0  kservice.o(.bss.rt_kprintf.rt_log_buf)
    rt_thread_stack                          0x20000d98   Data         128  idle.o(.bss.rt_thread_stack)
    [Anonymous Symbol]                       0x20000d98   Section        0  idle.o(.bss.rt_thread_stack)
    rt_tick                                  0x20000e1c   Data           4  clock.o(.bss.rt_tick)
    [Anonymous Symbol]                       0x20000e1c   Section        0  clock.o(.bss.rt_tick)
    Heap_Mem                                 0x20000e28   Data         512  startup_stm32f407xx.o(HEAP)
    HEAP                                     0x20000e28   Section      512  startup_stm32f407xx.o(HEAP)
    Stack_Mem                                0x20001028   Data        1024  startup_stm32f407xx.o(STACK)
    STACK                                    0x20001028   Section     1024  startup_stm32f407xx.o(STACK)
    __initial_sp                             0x20001428   Data           0  startup_stm32f407xx.o(STACK)

    Global Symbols

    Symbol Name                              Value     Ov Type        Size  Object(Section)

    BuildAttributes$$THM_ISAv4$E$P$D$K$B$S$7EM$VFPi3$EXTD16$VFPS$VFMA$PE$A:L22UL41UL21$X:L11$S22US41US21$IEEE1$IW$~IW$USESV6$~STKCKD$USESV7$~SHL$OTIME$ROPI$EBA8$UX$STANDARDLIB$REQ8$PRES8$EABIv2 0x00000000   Number         0  anon$$obj.o ABSOLUTE
    __ARM_exceptions_init                     - Undefined Weak Reference
    __alloca_initialize                       - Undefined Weak Reference
    __arm_preinit_                            - Undefined Weak Reference
    __arm_relocate_pie_                       - Undefined Weak Reference
    __cpp_initialize__aeabi_                  - Undefined Weak Reference
    __cxa_finalize                            - Undefined Weak Reference
    __sigvec_lookup                           - Undefined Weak Reference
    _atexit_init                              - Undefined Weak Reference
    _call_atexit_fns                          - Undefined Weak Reference
    _clock_init                               - Undefined Weak Reference
    _fp_trap_init                             - Undefined Weak Reference
    _fp_trap_shutdown                         - Undefined Weak Reference
    _get_lc_collate                           - Undefined Weak Reference
    _get_lc_monetary                          - Undefined Weak Reference
    _get_lc_numeric                           - Undefined Weak Reference
    _get_lc_time                              - Undefined Weak Reference
    _getenv_init                              - Undefined Weak Reference
    _handle_redirection                       - Undefined Weak Reference
    _init_alloc                               - Undefined Weak Reference
    _init_user_alloc                          - Undefined Weak Reference
    _initio                                   - Undefined Weak Reference
    _rand_init                                - Undefined Weak Reference
    _signal_finish                            - Undefined Weak Reference
    _signal_init                              - Undefined Weak Reference
    _terminate_alloc                          - Undefined Weak Reference
    _terminate_user_alloc                     - Undefined Weak Reference
    _terminateio                              - Undefined Weak Reference
    __Vectors_Size                           0x00000188   Number         0  startup_stm32f407xx.o ABSOLUTE
    __Vectors                                0x08000000   Data           4  startup_stm32f407xx.o(RESET)
    __Vectors_End                            0x08000188   Data           0  startup_stm32f407xx.o(RESET)
    __main                                   0x08000189   Thumb Code     8  __main.o(!!!main)
    __scatterload                            0x08000191   Thumb Code     0  __scatter.o(!!!scatter)
    __scatterload_rt2                        0x08000191   Thumb Code    84  __scatter.o(!!!scatter)
    __scatterload_rt2_thumb_only             0x08000191   Thumb Code     0  __scatter.o(!!!scatter)
    __scatterload_loop                       0x0800019b   Thumb Code     0  __scatter.o(!!!scatter)
    __scatterload_copy                       0x080001ed   Thumb Code    26  __scatter_copy.o(!!handler_copy)
    __scatterload_null                       0x08000209   Thumb Code     2  __scatter.o(!!handler_null)
    __scatterload_zeroinit                   0x0800020d   Thumb Code    28  __scatter_zi.o(!!handler_zi)
    __rt_lib_init                            0x08000229   Thumb Code     0  libinit.o(.ARM.Collect$$libinit$$00000000)
    __rt_lib_init_fp_1                       0x0800022b   Thumb Code     0  libinit2.o(.ARM.Collect$$libinit$$00000001)
    __rt_lib_init_alloca_1                   0x0800022f   Thumb Code     0  libinit2.o(.ARM.Collect$$libinit$$00000030)
    __rt_lib_init_argv_1                     0x0800022f   Thumb Code     0  libinit2.o(.ARM.Collect$$libinit$$0000002E)
    __rt_lib_init_atexit_1                   0x0800022f   Thumb Code     0  libinit2.o(.ARM.Collect$$libinit$$0000001D)
    __rt_lib_init_clock_1                    0x0800022f   Thumb Code     0  libinit2.o(.ARM.Collect$$libinit$$00000023)
    __rt_lib_init_cpp_1                      0x0800022f   Thumb Code     0  libinit2.o(.ARM.Collect$$libinit$$00000034)
    __rt_lib_init_exceptions_1               0x0800022f   Thumb Code     0  libinit2.o(.ARM.Collect$$libinit$$00000032)
    __rt_lib_init_fp_trap_1                  0x0800022f   Thumb Code     0  libinit2.o(.ARM.Collect$$libinit$$00000021)
    __rt_lib_init_getenv_1                   0x0800022f   Thumb Code     0  libinit2.o(.ARM.Collect$$libinit$$00000025)
    __rt_lib_init_heap_1                     0x0800022f   Thumb Code     0  libinit2.o(.ARM.Collect$$libinit$$0000000C)
    __rt_lib_init_lc_collate_1               0x0800022f   Thumb Code     0  libinit2.o(.ARM.Collect$$libinit$$00000013)
    __rt_lib_init_lc_ctype_1                 0x0800022f   Thumb Code     0  libinit2.o(.ARM.Collect$$libinit$$00000015)
    __rt_lib_init_lc_monetary_1              0x0800022f   Thumb Code     0  libinit2.o(.ARM.Collect$$libinit$$00000017)
    __rt_lib_init_lc_numeric_1               0x0800022f   Thumb Code     0  libinit2.o(.ARM.Collect$$libinit$$00000019)
    __rt_lib_init_lc_time_1                  0x0800022f   Thumb Code     0  libinit2.o(.ARM.Collect$$libinit$$0000001B)
    __rt_lib_init_preinit_1                  0x0800022f   Thumb Code     0  libinit2.o(.ARM.Collect$$libinit$$00000006)
    __rt_lib_init_rand_1                     0x0800022f   Thumb Code     0  libinit2.o(.ARM.Collect$$libinit$$00000010)
    __rt_lib_init_relocate_pie_1             0x0800022f   Thumb Code     0  libinit2.o(.ARM.Collect$$libinit$$00000004)
    __rt_lib_init_return                     0x0800022f   Thumb Code     0  libinit2.o(.ARM.Collect$$libinit$$00000035)
    __rt_lib_init_signal_1                   0x0800022f   Thumb Code     0  libinit2.o(.ARM.Collect$$libinit$$0000001F)
    __rt_lib_init_stdio_1                    0x0800022f   Thumb Code     0  libinit2.o(.ARM.Collect$$libinit$$00000027)
    __rt_lib_init_user_alloc_1               0x0800022f   Thumb Code     0  libinit2.o(.ARM.Collect$$libinit$$0000000E)
    __rt_lib_shutdown                        0x08000231   Thumb Code     0  libshutdown.o(.ARM.Collect$$libshutdown$$00000000)
    __rt_lib_shutdown_cpp_1                  0x08000233   Thumb Code     0  libshutdown2.o(.ARM.Collect$$libshutdown$$00000002)
    __rt_lib_shutdown_fp_trap_1              0x08000233   Thumb Code     0  libshutdown2.o(.ARM.Collect$$libshutdown$$00000007)
    __rt_lib_shutdown_heap_1                 0x08000233   Thumb Code     0  libshutdown2.o(.ARM.Collect$$libshutdown$$0000000F)
    __rt_lib_shutdown_return                 0x08000233   Thumb Code     0  libshutdown2.o(.ARM.Collect$$libshutdown$$00000010)
    __rt_lib_shutdown_signal_1               0x08000233   Thumb Code     0  libshutdown2.o(.ARM.Collect$$libshutdown$$0000000A)
    __rt_lib_shutdown_stdio_1                0x08000233   Thumb Code     0  libshutdown2.o(.ARM.Collect$$libshutdown$$00000004)
    __rt_lib_shutdown_user_alloc_1           0x08000233   Thumb Code     0  libshutdown2.o(.ARM.Collect$$libshutdown$$0000000C)
    __rt_entry                               0x08000235   Thumb Code     0  __rtentry.o(.ARM.Collect$$rtentry$$00000000)
    __rt_entry_presh_1                       0x08000235   Thumb Code     0  __rtentry2.o(.ARM.Collect$$rtentry$$00000002)
    __rt_entry_sh                            0x08000235   Thumb Code     0  __rtentry4.o(.ARM.Collect$$rtentry$$00000004)
    __rt_entry_li                            0x0800023b   Thumb Code     0  __rtentry2.o(.ARM.Collect$$rtentry$$0000000A)
    __rt_entry_postsh_1                      0x0800023b   Thumb Code     0  __rtentry2.o(.ARM.Collect$$rtentry$$00000009)
    __rt_entry_main                          0x0800023f   Thumb Code     0  __rtentry2.o(.ARM.Collect$$rtentry$$0000000D)
    __rt_entry_postli_1                      0x0800023f   Thumb Code     0  __rtentry2.o(.ARM.Collect$$rtentry$$0000000C)
    __rt_exit                                0x08000247   Thumb Code     0  rtexit.o(.ARM.Collect$$rtexit$$00000000)
    __rt_exit_ls                             0x08000249   Thumb Code     0  rtexit2.o(.ARM.Collect$$rtexit$$00000003)
    __rt_exit_prels_1                        0x08000249   Thumb Code     0  rtexit2.o(.ARM.Collect$$rtexit$$00000002)
    __rt_exit_exit                           0x0800024d   Thumb Code     0  rtexit2.o(.ARM.Collect$$rtexit$$00000004)
    Reset_Handler                            0x08000255   Thumb Code     8  startup_stm32f407xx.o(.text)
    SVC_Handler                              0x08000267   Thumb Code     2  startup_stm32f407xx.o(.text)
    ADC_IRQHandler                           0x0800026f   Thumb Code     0  startup_stm32f407xx.o(.text)
    CAN1_RX0_IRQHandler                      0x0800026f   Thumb Code     0  startup_stm32f407xx.o(.text)
    CAN1_RX1_IRQHandler                      0x0800026f   Thumb Code     0  startup_stm32f407xx.o(.text)
    CAN1_SCE_IRQHandler                      0x0800026f   Thumb Code     0  startup_stm32f407xx.o(.text)
    CAN1_TX_IRQHandler                       0x0800026f   Thumb Code     0  startup_stm32f407xx.o(.text)
    CAN2_RX0_IRQHandler                      0x0800026f   Thumb Code     0  startup_stm32f407xx.o(.text)
    CAN2_RX1_IRQHandler                      0x0800026f   Thumb Code     0  startup_stm32f407xx.o(.text)
    CAN2_SCE_IRQHandler                      0x0800026f   Thumb Code     0  startup_stm32f407xx.o(.text)
    CAN2_TX_IRQHandler                       0x0800026f   Thumb Code     0  startup_stm32f407xx.o(.text)
    DCMI_IRQHandler                          0x0800026f   Thumb Code     0  startup_stm32f407xx.o(.text)
    DMA1_Stream0_IRQHandler                  0x0800026f   Thumb Code     0  startup_stm32f407xx.o(.text)
    DMA1_Stream1_IRQHandler                  0x0800026f   Thumb Code     0  startup_stm32f407xx.o(.text)
    DMA1_Stream2_IRQHandler                  0x0800026f   Thumb Code     0  startup_stm32f407xx.o(.text)
    DMA1_Stream3_IRQHandler                  0x0800026f   Thumb Code     0  startup_stm32f407xx.o(.text)
    DMA1_Stream4_IRQHandler                  0x0800026f   Thumb Code     0  startup_stm32f407xx.o(.text)
    DMA1_Stream5_IRQHandler                  0x0800026f   Thumb Code     0  startup_stm32f407xx.o(.text)
    DMA1_Stream6_IRQHandler                  0x0800026f   Thumb Code     0  startup_stm32f407xx.o(.text)
    DMA1_Stream7_IRQHandler                  0x0800026f   Thumb Code     0  startup_stm32f407xx.o(.text)
    DMA2_Stream0_IRQHandler                  0x0800026f   Thumb Code     0  startup_stm32f407xx.o(.text)
    DMA2_Stream1_IRQHandler                  0x0800026f   Thumb Code     0  startup_stm32f407xx.o(.text)
    DMA2_Stream2_IRQHandler                  0x0800026f   Thumb Code     0  startup_stm32f407xx.o(.text)
    DMA2_Stream3_IRQHandler                  0x0800026f   Thumb Code     0  startup_stm32f407xx.o(.text)
    DMA2_Stream4_IRQHandler                  0x0800026f   Thumb Code     0  startup_stm32f407xx.o(.text)
    DMA2_Stream5_IRQHandler                  0x0800026f   Thumb Code     0  startup_stm32f407xx.o(.text)
    DMA2_Stream6_IRQHandler                  0x0800026f   Thumb Code     0  startup_stm32f407xx.o(.text)
    DMA2_Stream7_IRQHandler                  0x0800026f   Thumb Code     0  startup_stm32f407xx.o(.text)
    ETH_IRQHandler                           0x0800026f   Thumb Code     0  startup_stm32f407xx.o(.text)
    ETH_WKUP_IRQHandler                      0x0800026f   Thumb Code     0  startup_stm32f407xx.o(.text)
    EXTI0_IRQHandler                         0x0800026f   Thumb Code     0  startup_stm32f407xx.o(.text)
    EXTI15_10_IRQHandler                     0x0800026f   Thumb Code     0  startup_stm32f407xx.o(.text)
    EXTI1_IRQHandler                         0x0800026f   Thumb Code     0  startup_stm32f407xx.o(.text)
    EXTI2_IRQHandler                         0x0800026f   Thumb Code     0  startup_stm32f407xx.o(.text)
    EXTI3_IRQHandler                         0x0800026f   Thumb Code     0  startup_stm32f407xx.o(.text)
    EXTI4_IRQHandler                         0x0800026f   Thumb Code     0  startup_stm32f407xx.o(.text)
    EXTI9_5_IRQHandler                       0x0800026f   Thumb Code     0  startup_stm32f407xx.o(.text)
    FLASH_IRQHandler                         0x0800026f   Thumb Code     0  startup_stm32f407xx.o(.text)
    FMC_IRQHandler                           0x0800026f   Thumb Code     0  startup_stm32f407xx.o(.text)
    FPU_IRQHandler                           0x0800026f   Thumb Code     0  startup_stm32f407xx.o(.text)
    HASH_RNG_IRQHandler                      0x0800026f   Thumb Code     0  startup_stm32f407xx.o(.text)
    I2C1_ER_IRQHandler                       0x0800026f   Thumb Code     0  startup_stm32f407xx.o(.text)
    I2C1_EV_IRQHandler                       0x0800026f   Thumb Code     0  startup_stm32f407xx.o(.text)
    I2C2_ER_IRQHandler                       0x0800026f   Thumb Code     0  startup_stm32f407xx.o(.text)
    I2C2_EV_IRQHandler                       0x0800026f   Thumb Code     0  startup_stm32f407xx.o(.text)
    I2C3_ER_IRQHandler                       0x0800026f   Thumb Code     0  startup_stm32f407xx.o(.text)
    I2C3_EV_IRQHandler                       0x0800026f   Thumb Code     0  startup_stm32f407xx.o(.text)
    OTG_FS_IRQHandler                        0x0800026f   Thumb Code     0  startup_stm32f407xx.o(.text)
    OTG_FS_WKUP_IRQHandler                   0x0800026f   Thumb Code     0  startup_stm32f407xx.o(.text)
    OTG_HS_EP1_IN_IRQHandler                 0x0800026f   Thumb Code     0  startup_stm32f407xx.o(.text)
    OTG_HS_EP1_OUT_IRQHandler                0x0800026f   Thumb Code     0  startup_stm32f407xx.o(.text)
    OTG_HS_IRQHandler                        0x0800026f   Thumb Code     0  startup_stm32f407xx.o(.text)
    OTG_HS_WKUP_IRQHandler                   0x0800026f   Thumb Code     0  startup_stm32f407xx.o(.text)
    PVD_IRQHandler                           0x0800026f   Thumb Code     0  startup_stm32f407xx.o(.text)
    RCC_IRQHandler                           0x0800026f   Thumb Code     0  startup_stm32f407xx.o(.text)
    RTC_Alarm_IRQHandler                     0x0800026f   Thumb Code     0  startup_stm32f407xx.o(.text)
    RTC_WKUP_IRQHandler                      0x0800026f   Thumb Code     0  startup_stm32f407xx.o(.text)
    SDIO_IRQHandler                          0x0800026f   Thumb Code     0  startup_stm32f407xx.o(.text)
    SPI1_IRQHandler                          0x0800026f   Thumb Code     0  startup_stm32f407xx.o(.text)
    SPI2_IRQHandler                          0x0800026f   Thumb Code     0  startup_stm32f407xx.o(.text)
    SPI3_IRQHandler                          0x0800026f   Thumb Code     0  startup_stm32f407xx.o(.text)
    TAMP_STAMP_IRQHandler                    0x0800026f   Thumb Code     0  startup_stm32f407xx.o(.text)
    TIM1_BRK_TIM9_IRQHandler                 0x0800026f   Thumb Code     0  startup_stm32f407xx.o(.text)
    TIM1_CC_IRQHandler                       0x0800026f   Thumb Code     0  startup_stm32f407xx.o(.text)
    TIM1_TRG_COM_TIM11_IRQHandler            0x0800026f   Thumb Code     0  startup_stm32f407xx.o(.text)
    TIM2_IRQHandler                          0x0800026f   Thumb Code     0  startup_stm32f407xx.o(.text)
    TIM3_IRQHandler                          0x0800026f   Thumb Code     0  startup_stm32f407xx.o(.text)
    TIM4_IRQHandler                          0x0800026f   Thumb Code     0  startup_stm32f407xx.o(.text)
    TIM5_IRQHandler                          0x0800026f   Thumb Code     0  startup_stm32f407xx.o(.text)
    TIM6_DAC_IRQHandler                      0x0800026f   Thumb Code     0  startup_stm32f407xx.o(.text)
    TIM7_IRQHandler                          0x0800026f   Thumb Code     0  startup_stm32f407xx.o(.text)
    TIM8_BRK_TIM12_IRQHandler                0x0800026f   Thumb Code     0  startup_stm32f407xx.o(.text)
    TIM8_CC_IRQHandler                       0x0800026f   Thumb Code     0  startup_stm32f407xx.o(.text)
    TIM8_TRG_COM_TIM14_IRQHandler            0x0800026f   Thumb Code     0  startup_stm32f407xx.o(.text)
    TIM8_UP_TIM13_IRQHandler                 0x0800026f   Thumb Code     0  startup_stm32f407xx.o(.text)
    UART4_IRQHandler                         0x0800026f   Thumb Code     0  startup_stm32f407xx.o(.text)
    UART5_IRQHandler                         0x0800026f   Thumb Code     0  startup_stm32f407xx.o(.text)
    USART1_IRQHandler                        0x0800026f   Thumb Code     0  startup_stm32f407xx.o(.text)
    USART2_IRQHandler                        0x0800026f   Thumb Code     0  startup_stm32f407xx.o(.text)
    USART3_IRQHandler                        0x0800026f   Thumb Code     0  startup_stm32f407xx.o(.text)
    USART6_IRQHandler                        0x0800026f   Thumb Code     0  startup_stm32f407xx.o(.text)
    WWDG_IRQHandler                          0x0800026f   Thumb Code     0  startup_stm32f407xx.o(.text)
    __user_initial_stackheap                 0x08000271   Thumb Code     0  startup_stm32f407xx.o(.text)
    rt_hw_interrupt_disable                  0x08000295   Thumb Code     8  context_rvds.o(.text)
    rt_hw_interrupt_enable                   0x0800029d   Thumb Code     6  context_rvds.o(.text)
    rt_hw_context_switch                     0x080002a3   Thumb Code    32  context_rvds.o(.text)
    rt_hw_context_switch_interrupt           0x080002a3   Thumb Code     0  context_rvds.o(.text)
    PendSV_Handler                           0x080002c3   Thumb Code   108  context_rvds.o(.text)
    rt_hw_context_switch_to                  0x0800032f   Thumb Code    76  context_rvds.o(.text)
    rt_hw_interrupt_thread_switch            0x0800037b   Thumb Code     2  context_rvds.o(.text)
    HardFault_Handler                        0x0800037d   Thumb Code    56  context_rvds.o(.text)
    __aeabi_uldivmod                         0x080003d1   Thumb Code     0  lludivv7m.o(.text)
    _ll_udiv                                 0x080003d1   Thumb Code   240  lludivv7m.o(.text)
    strlen                                   0x080004c1   Thumb Code    62  strlen.o(.text)
    strncmp                                  0x080004ff   Thumb Code   150  strncmp.o(.text)
    __aeabi_memset                           0x08000595   Thumb Code    16  aeabi_memset.o(.text)
    __aeabi_memclr                           0x080005a5   Thumb Code     0  rt_memclr.o(.text)
    __rt_memclr                              0x080005a5   Thumb Code     0  rt_memclr.o(.text)
    _memset                                  0x080005a9   Thumb Code    64  rt_memclr.o(.text)
    __aeabi_memclr4                          0x080005e9   Thumb Code     0  rt_memclr_w.o(.text)
    __aeabi_memclr8                          0x080005e9   Thumb Code     0  rt_memclr_w.o(.text)
    __rt_memclr_w                            0x080005e9   Thumb Code     0  rt_memclr_w.o(.text)
    _memset_w                                0x080005ed   Thumb Code    74  rt_memclr_w.o(.text)
    strcmp                                   0x08000639   Thumb Code   124  strcmpv7em.o(.text)
    __use_two_region_memory                  0x080006b5   Thumb Code     2  heapauxi.o(.text)
    __rt_heap_escrow$2region                 0x080006b7   Thumb Code     2  heapauxi.o(.text)
    __rt_heap_expand$2region                 0x080006b9   Thumb Code     2  heapauxi.o(.text)
    __user_libspace                          0x080006bd   Thumb Code     8  libspace.o(.text)
    __user_perproc_libspace                  0x080006bd   Thumb Code     0  libspace.o(.text)
    __user_perthread_libspace                0x080006bd   Thumb Code     0  libspace.o(.text)
    __user_setup_stackheap                   0x080006c5   Thumb Code    74  sys_stackheap_outer.o(.text)
    exit                                     0x0800070f   Thumb Code    18  exit.o(.text)
    _sys_exit                                0x08000721   Thumb Code     8  sys_exit.o(.text)
    __I$use$semihosting                      0x0800072d   Thumb Code     0  use_no_semi.o(.text)
    __use_no_semihosting_swi                 0x0800072d   Thumb Code     2  use_no_semi.o(.text)
    __semihosting_library_function           0x0800072f   Thumb Code     0  indicate_semi.o(.text)
    main                                     0x08000731   Thumb Code   108  components.o(.text.$Sub$$main)
    BusFault_Handler                         0x0800079d   Thumb Code     2  stm32f4xx_it.o(.text.BusFault_Handler)
    DebugMon_Handler                         0x080007a1   Thumb Code     2  stm32f4xx_it.o(.text.DebugMon_Handler)
    Error_Handler                            0x080007a5   Thumb Code     6  main.o(.text.Error_Handler)
    HAL_GPIO_Init                            0x080007ad   Thumb Code   414  stm32f4xx_hal_gpio.o(.text.HAL_GPIO_Init)
    HAL_GetTick                              0x0800094d   Thumb Code    12  stm32f4xx_hal.o(.text.HAL_GetTick)
    HAL_IncTick                              0x08000959   Thumb Code    26  stm32f4xx_hal.o(.text.HAL_IncTick)
    HAL_Init                                 0x08000975   Thumb Code    54  stm32f4xx_hal.o(.text.HAL_Init)
    HAL_InitTick                             0x080009ad   Thumb Code   170  stm32f4xx_hal_timebase_tim.o(.text.HAL_InitTick)
    HAL_MspInit                              0x08000a59   Thumb Code    56  stm32f4xx_hal_msp.o(.text.HAL_MspInit)
    HAL_NVIC_EnableIRQ                       0x08000a91   Thumb Code    34  stm32f4xx_hal_cortex.o(.text.HAL_NVIC_EnableIRQ)
    HAL_NVIC_SetPriority                     0x08000ab5   Thumb Code    86  stm32f4xx_hal_cortex.o(.text.HAL_NVIC_SetPriority)
    HAL_NVIC_SetPriorityGrouping             0x08000b0d   Thumb Code    32  stm32f4xx_hal_cortex.o(.text.HAL_NVIC_SetPriorityGrouping)
    HAL_RCC_ClockConfig                      0x08000b2d   Thumb Code   356  stm32f4xx_hal_rcc.o(.text.HAL_RCC_ClockConfig)
    HAL_RCC_GetClockConfig                   0x08000c91   Thumb Code    62  stm32f4xx_hal_rcc.o(.text.HAL_RCC_GetClockConfig)
    HAL_RCC_GetHCLKFreq                      0x08000cd1   Thumb Code    12  stm32f4xx_hal_rcc.o(.text.HAL_RCC_GetHCLKFreq)
    HAL_RCC_GetPCLK1Freq                     0x08000cdd   Thumb Code    38  stm32f4xx_hal_rcc.o(.text.HAL_RCC_GetPCLK1Freq)
    HAL_RCC_GetPCLK2Freq                     0x08000d05   Thumb Code    38  stm32f4xx_hal_rcc.o(.text.HAL_RCC_GetPCLK2Freq)
    HAL_RCC_GetSysClockFreq                  0x08000d2d   Thumb Code   110  stm32f4xx_hal_rcc.o(.text.HAL_RCC_GetSysClockFreq)
    HAL_RCC_OscConfig                        0x08000d9d   Thumb Code   940  stm32f4xx_hal_rcc.o(.text.HAL_RCC_OscConfig)
    HAL_SYSTICK_Config                       0x08001149   Thumb Code    44  stm32f4xx_hal_cortex.o(.text.HAL_SYSTICK_Config)
    HAL_TIMEx_BreakCallback                  0x08001175   Thumb Code     2  stm32f4xx_hal_tim_ex.o(.text.HAL_TIMEx_BreakCallback)
    HAL_TIMEx_CommutCallback                 0x08001179   Thumb Code     2  stm32f4xx_hal_tim_ex.o(.text.HAL_TIMEx_CommutCallback)
    HAL_TIM_Base_Init                        0x0800117d   Thumb Code    90  stm32f4xx_hal_tim.o(.text.HAL_TIM_Base_Init)
    HAL_TIM_Base_MspInit                     0x080011d9   Thumb Code     2  stm32f4xx_hal_tim.o(.text.HAL_TIM_Base_MspInit)
    HAL_TIM_Base_Start_IT                    0x080011dd   Thumb Code   170  stm32f4xx_hal_tim.o(.text.HAL_TIM_Base_Start_IT)
    HAL_TIM_IC_CaptureCallback               0x08001289   Thumb Code     2  stm32f4xx_hal_tim.o(.text.HAL_TIM_IC_CaptureCallback)
    HAL_TIM_IRQHandler                       0x0800128d   Thumb Code   334  stm32f4xx_hal_tim.o(.text.HAL_TIM_IRQHandler)
    HAL_TIM_OC_DelayElapsedCallback          0x080013dd   Thumb Code     2  stm32f4xx_hal_tim.o(.text.HAL_TIM_OC_DelayElapsedCallback)
    HAL_TIM_PWM_PulseFinishedCallback        0x080013e1   Thumb Code     2  stm32f4xx_hal_tim.o(.text.HAL_TIM_PWM_PulseFinishedCallback)
    HAL_TIM_PeriodElapsedCallback            0x080013e5   Thumb Code    18  main.o(.text.HAL_TIM_PeriodElapsedCallback)
    HAL_TIM_TriggerCallback                  0x080013f9   Thumb Code     2  stm32f4xx_hal_tim.o(.text.HAL_TIM_TriggerCallback)
    HAL_UART_Init                            0x080013fd   Thumb Code    96  stm32f4xx_hal_uart.o(.text.HAL_UART_Init)
    HAL_UART_MspInit                         0x0800145d   Thumb Code   118  usart.o(.text.HAL_UART_MspInit)
    HAL_UART_Transmit                        0x080014d5   Thumb Code   402  stm32f4xx_hal_uart.o(.text.HAL_UART_Transmit)
    MX_GPIO_Init                             0x08001669   Thumb Code    56  gpio.o(.text.MX_GPIO_Init)
    MX_USART1_UART_Init                      0x080016a1   Thumb Code    60  usart.o(.text.MX_USART1_UART_Init)
    MemManage_Handler                        0x080016dd   Thumb Code     2  stm32f4xx_it.o(.text.MemManage_Handler)
    NMI_Handler                              0x080016e1   Thumb Code     2  stm32f4xx_it.o(.text.NMI_Handler)
    SysTick_Handler                          0x080016e5   Thumb Code    18  board.o(.text.SysTick_Handler)
    SystemClock_Config                       0x080016f9   Thumb Code   172  main.o(.text.SystemClock_Config)
    SystemCoreClockUpdate                    0x080017a5   Thumb Code   134  system_stm32f4xx.o(.text.SystemCoreClockUpdate)
    SystemInit                               0x0800182d   Thumb Code    18  system_stm32f4xx.o(.text.SystemInit)
    TIM1_UP_TIM10_IRQHandler                 0x08001841   Thumb Code    12  stm32f4xx_it.o(.text.TIM1_UP_TIM10_IRQHandler)
    TIM_Base_SetConfig                       0x0800184d   Thumb Code   314  stm32f4xx_hal_tim.o(.text.TIM_Base_SetConfig)
    UsageFault_Handler                       0x08001a71   Thumb Code     2  stm32f4xx_it.o(.text.UsageFault_Handler)
    __rt_ffs                                 0x08001a75   Thumb Code    56  kservice.o(.text.__rt_ffs)
    cmd_list                                 0x08001b31   Thumb Code   108  cmd.o(.text.cmd_list)
    finsh_system_init                        0x08001c19   Thumb Code   148  shell.o(.text.finsh_system_init)
    finsh_thread_entry                       0x08001cbd   Thumb Code  1012  shell.o(.text.finsh_thread_entry)
    list_sem                                 0x080020c9   Thumb Code   520  cmd.o(.text.list_sem)
    list_thread                              0x08002341   Thumb Code   496  cmd.o(.text.list_thread)
    list_timer                               0x080025b9   Thumb Code  1500  cmd.o(.text.list_timer)
    $Super$$main                             0x08002c11   Thumb Code    26  main.o(.text.main)
    main_thread_entry                        0x08002c2d   Thumb Code    50  components.o(.text.main_thread_entry)
    msh_auto_complete                        0x08002c61   Thumb Code   324  msh.o(.text.msh_auto_complete)
    msh_exec                                 0x08002da9   Thumb Code   916  msh.o(.text.msh_exec)
    msh_help                                 0x08003179   Thumb Code    90  msh.o(.text.msh_help)
    rt_components_board_init                 0x08003755   Thumb Code    42  components.o(.text.rt_components_board_init)
    rt_enter_critical                        0x08003781   Thumb Code    28  scheduler.o(.text.rt_enter_critical)
    rt_exit_critical                         0x0800379d   Thumb Code    60  scheduler.o(.text.rt_exit_critical)
    rt_hw_board_init                         0x080037d9   Thumb Code    44  board.o(.text.rt_hw_board_init)
    rt_hw_console_getchar                    0x08003805   Thumb Code    42  board.o(.text.rt_hw_console_getchar)
    rt_hw_console_output                     0x08003831   Thumb Code    96  board.o(.text.rt_hw_console_output)
    rt_hw_cpu_reset                          0x08003891   Thumb Code    18  cpuport.o(.text.rt_hw_cpu_reset)
    rt_hw_hard_fault_exception               0x080038a5   Thumb Code   924  cpuport.o(.text.rt_hw_hard_fault_exception)
    rt_hw_stack_init                         0x08003ce9   Thumb Code    66  cpuport.o(.text.rt_hw_stack_init)
    rt_interrupt_enter                       0x08003d2d   Thumb Code    28  irq.o(.text.rt_interrupt_enter)
    rt_interrupt_leave                       0x08003d49   Thumb Code    28  irq.o(.text.rt_interrupt_leave)
    rt_kprintf                               0x08003d65   Thumb Code    62  kservice.o(.text.rt_kprintf)
    rt_memcpy                                0x08003da5   Thumb Code   496  kservice.o(.text.rt_memcpy)
    rt_memmove                               0x08003f95   Thumb Code   248  kservice.o(.text.rt_memmove)
    rt_memset                                0x0800408d   Thumb Code   272  kservice.o(.text.rt_memset)
    rt_object_detach                         0x0800419d   Thumb Code    34  object.o(.text.rt_object_detach)
    rt_object_get_information                0x080041c1   Thumb Code    42  object.o(.text.rt_object_get_information)
    rt_object_init                           0x080041ed   Thumb Code   126  object.o(.text.rt_object_init)
    rt_object_is_systemobject                0x0800426d   Thumb Code     6  object.o(.text.rt_object_is_systemobject)
    rt_schedule                              0x08004275   Thumb Code   420  scheduler.o(.text.rt_schedule)
    rt_schedule_insert_thread                0x08004419   Thumb Code   126  scheduler.o(.text.rt_schedule_insert_thread)
    rt_schedule_remove_thread                0x08004499   Thumb Code    82  scheduler.o(.text.rt_schedule_remove_thread)
    rt_sem_init                              0x080044ed   Thumb Code    32  ipc.o(.text.rt_sem_init)
    rt_show_version                          0x0800450d   Thumb Code    60  kservice.o(.text.rt_show_version)
    rt_sprintf                               0x080045d5   Thumb Code    36  kservice.o(.text.rt_sprintf)
    rt_strerror                              0x080045f9   Thumb Code    28  kservice.o(.text.rt_strerror)
    rt_strlen                                0x08004645   Thumb Code    46  kservice.o(.text.rt_strlen)
    rt_strncpy                               0x08004675   Thumb Code   150  kservice.o(.text.rt_strncpy)
    rt_system_scheduler_init                 0x0800470d   Thumb Code   284  scheduler.o(.text.rt_system_scheduler_init)
    rt_system_scheduler_start                0x08004829   Thumb Code   102  scheduler.o(.text.rt_system_scheduler_start)
    rt_system_timer_init                     0x08004891   Thumb Code    16  timer.o(.text.rt_system_timer_init)
    rt_system_timer_thread_init              0x080048a1   Thumb Code     2  timer.o(.text.rt_system_timer_thread_init)
    rt_thread_defunct_enqueue                0x080048a5   Thumb Code    22  idle.o(.text.rt_thread_defunct_enqueue)
    rt_thread_idle_init                      0x08004919   Thumb Code    80  idle.o(.text.rt_thread_idle_init)
    rt_thread_init                           0x08004971   Thumb Code   138  thread.o(.text.rt_thread_init)
    rt_thread_mdelay                         0x080049fd   Thumb Code    14  thread.o(.text.rt_thread_mdelay)
    rt_thread_self                           0x08004a0d   Thumb Code    12  thread.o(.text.rt_thread_self)
    rt_thread_sleep                          0x08004a19   Thumb Code   124  thread.o(.text.rt_thread_sleep)
    rt_thread_startup                        0x08004a95   Thumb Code    86  thread.o(.text.rt_thread_startup)
    rt_tick_from_millisecond                 0x08004aed   Thumb Code     6  clock.o(.text.rt_tick_from_millisecond)
    rt_tick_get                              0x08004af5   Thumb Code    12  clock.o(.text.rt_tick_get)
    rt_tick_increase                         0x08004b01   Thumb Code    82  clock.o(.text.rt_tick_increase)
    rt_timer_check                           0x08004b55   Thumb Code   332  timer.o(.text.rt_timer_check)
    rt_timer_control                         0x08004ca1   Thumb Code   116  timer.o(.text.rt_timer_control)
    rt_timer_detach                          0x08004d15   Thumb Code    46  timer.o(.text.rt_timer_detach)
    rt_timer_init                            0x08004d45   Thumb Code    50  timer.o(.text.rt_timer_init)
    rt_timer_start                           0x08004d79   Thumb Code   196  timer.o(.text.rt_timer_start)
    rt_timer_stop                            0x08004e3d   Thumb Code    54  timer.o(.text.rt_timer_stop)
    rt_vsnprintf                             0x08004e75   Thumb Code  2068  kservice.o(.text.rt_vsnprintf)
    version                                  0x080056d9   Thumb Code    10  cmd.o(.text.version)
    _fp_init                                 0x080056e3   Thumb Code    26  fpinit.o(x$fpl$fpinit)
    __fplib_config_fpu_vfp                   0x080056fb   Thumb Code     0  fpinit.o(x$fpl$fpinit)
    __fplib_config_pureend_doubles           0x080056fb   Thumb Code     0  fpinit.o(x$fpl$fpinit)
    AHBPrescTable                            0x080056fc   Data          16  system_stm32f4xx.o(.rodata.AHBPrescTable)
    APBPrescTable                            0x0800570c   Data           8  system_stm32f4xx.o(.rodata.APBPrescTable)
    __lowest_bit_bitmap                      0x08005714   Data         256  kservice.o(.rodata.__lowest_bit_bitmap)
    __fsym_clear_name                        0x08005814   Data           6  cmd.o(.rodata.name)
    __fsym_clear_desc                        0x0800581a   Data          26  cmd.o(.rodata.name)
    __fsym_version_name                      0x08005834   Data           8  cmd.o(.rodata.name)
    __fsym_version_desc                      0x0800583c   Data          35  cmd.o(.rodata.name)
    __fsym_list_thread_name                  0x0800585f   Data          12  cmd.o(.rodata.name)
    __fsym_list_thread_desc                  0x0800586b   Data          12  cmd.o(.rodata.name)
    __fsym_list_sem_name                     0x08005877   Data           9  cmd.o(.rodata.name)
    __fsym_list_sem_desc                     0x08005880   Data          25  cmd.o(.rodata.name)
    __fsym_list_timer_name                   0x08005899   Data          11  cmd.o(.rodata.name)
    __fsym_list_timer_desc                   0x080058a4   Data          21  cmd.o(.rodata.name)
    __fsym_list_name                         0x080058b9   Data           5  cmd.o(.rodata.name)
    __fsym_list_desc                         0x080058be   Data          13  cmd.o(.rodata.name)
    __fsym_help_name                         0x080058cb   Data           5  msh.o(.rodata.name)
    __fsym_help_desc                         0x080058d0   Data          22  msh.o(.rodata.name)
    __fsym_reboot_name                       0x080058e6   Data           7  board.o(.rodata.name)
    __fsym_reboot_desc                       0x080058ed   Data          14  board.o(.rodata.name)
    __rt_init_rti_start                      0x08005c0c   Data           4  components.o(.rti_fn.0)
    __rt_init_rti_board_start                0x08005c10   Data           4  components.o(.rti_fn.0.end)
    __rt_init_uart_init                      0x08005c14   Data           4  board.o(.rti_fn.1)
    __rt_init_rti_board_end                  0x08005c18   Data           4  components.o(.rti_fn.1.end)
    __rt_init_finsh_system_init              0x08005c1c   Data           4  shell.o(.rti_fn.6)
    __rt_init_rti_end                        0x08005c20   Data           4  components.o(.rti_fn.6.end)
    FSymTab$$Base                            0x08005c24   Number         0  cmd.o(FSymTab)
    __fsym_clear                             0x08005c24   Data          12  cmd.o(FSymTab)
    __fsym_version                           0x08005c30   Data          12  cmd.o(FSymTab)
    __fsym_list_thread                       0x08005c3c   Data          12  cmd.o(FSymTab)
    __fsym_list_sem                          0x08005c48   Data          12  cmd.o(FSymTab)
    __fsym_list_timer                        0x08005c54   Data          12  cmd.o(FSymTab)
    __fsym_list                              0x08005c60   Data          12  cmd.o(FSymTab)
    __fsym_help                              0x08005c6c   Data          12  msh.o(FSymTab)
    __fsym_reboot                            0x08005c78   Data          12  board.o(FSymTab)
    FSymTab$$Limit                           0x08005c84   Number         0  board.o(FSymTab)
    Region$$Table$$Base                      0x08005c84   Number         0  anon$$obj.o(Region$$Table)
    Region$$Table$$Limit                     0x08005ca4   Number         0  anon$$obj.o(Region$$Table)
    uwTickFreq                               0x20000000   Data           1  stm32f4xx_hal.o(.data..L_MergedGlobals)
    uwTickPrio                               0x20000004   Data           4  stm32f4xx_hal.o(.data..L_MergedGlobals)
    SystemCoreClock                          0x20000008   Data           4  system_stm32f4xx.o(.data.SystemCoreClock)
    __libspace_start                         0x20000048   Data          96  libspace.o(.bss)
    __temporary_stack_top$libspace           0x200000a8   Data           0  libspace.o(.bss)
    _syscall_table_begin                     0x200000a8   Data           4  shell.o(.bss..L_MergedGlobals)
    _syscall_table_end                       0x200000ac   Data           4  shell.o(.bss..L_MergedGlobals)
    shell                                    0x200000b0   Data           4  shell.o(.bss..L_MergedGlobals)
    rt_current_priority                      0x200000b4   Data           1  scheduler.o(.bss..L_MergedGlobals)
    rt_current_thread                        0x200000b8   Data           4  scheduler.o(.bss..L_MergedGlobals)
    rt_thread_ready_priority_group           0x200000bc   Data           4  scheduler.o(.bss..L_MergedGlobals)
    _shell                                   0x20000114   Data         120  shell.o(.bss._shell)
    htim1                                    0x20000688   Data          72  stm32f4xx_hal_timebase_tim.o(.bss.htim1)
    huart1                                   0x200006d0   Data          72  usart.o(.bss.huart1)
    main_thread                              0x20000b90   Data         120  components.o(.bss.main_thread)
    rt_interrupt_from_thread                 0x20000c0c   Data           4  cpuport.o(.bss.rt_interrupt_from_thread)
    rt_interrupt_nest                        0x20000c10   Data           1  irq.o(.bss.rt_interrupt_nest)
    rt_interrupt_to_thread                   0x20000c14   Data           4  cpuport.o(.bss.rt_interrupt_to_thread)
    rt_thread_priority_table                 0x20000c98   Data         256  scheduler.o(.bss.rt_thread_priority_table)
    rt_thread_switch_interrupt_flag          0x20000e18   Data           4  cpuport.o(.bss.rt_thread_switch_interrupt_flag)
    uwTick                                   0x20000e20   Data           4  stm32f4xx_hal.o(.bss.uwTick)



==============================================================================

Memory Map of the image

  Image Entry point : 0x08000189

  Load Region LR_IROM1 (Base: 0x08000000, Size: 0x00005cf0, Max: 0x00100000, ABSOLUTE)

    Execution Region ER_IROM1 (Exec base: 0x08000000, Load base: 0x08000000, Size: 0x00005ca4, Max: 0x00100000, ABSOLUTE)

    Exec Addr    Load Addr    Size         Type   Attr      Idx    E Section Name        Object

    0x08000000   0x08000000   0x00000188   Data   RO            3    RESET               startup_stm32f407xx.o
    0x08000188   0x08000188   0x00000008   Code   RO         1400  * !!!main             c_w.l(__main.o)
    0x08000190   0x08000190   0x0000005c   Code   RO         1583    !!!scatter          c_w.l(__scatter.o)
    0x080001ec   0x080001ec   0x0000001a   Code   RO         1587    !!handler_copy      c_w.l(__scatter_copy.o)
    0x08000206   0x08000206   0x00000002   PAD
    0x08000208   0x08000208   0x00000002   Code   RO         1584    !!handler_null      c_w.l(__scatter.o)
    0x0800020a   0x0800020a   0x00000002   PAD
    0x0800020c   0x0800020c   0x0000001c   Code   RO         1589    !!handler_zi        c_w.l(__scatter_zi.o)
    0x08000228   0x08000228   0x00000002   Code   RO         1497    .ARM.Collect$$libinit$$00000000  c_w.l(libinit.o)
    0x0800022a   0x0800022a   0x00000004   Code   RO         1435    .ARM.Collect$$libinit$$00000001  c_w.l(libinit2.o)
    0x0800022e   0x0800022e   0x00000000   Code   RO         1438    .ARM.Collect$$libinit$$00000004  c_w.l(libinit2.o)
    0x0800022e   0x0800022e   0x00000000   Code   RO         1440    .ARM.Collect$$libinit$$00000006  c_w.l(libinit2.o)
    0x0800022e   0x0800022e   0x00000000   Code   RO         1443    .ARM.Collect$$libinit$$0000000C  c_w.l(libinit2.o)
    0x0800022e   0x0800022e   0x00000000   Code   RO         1445    .ARM.Collect$$libinit$$0000000E  c_w.l(libinit2.o)
    0x0800022e   0x0800022e   0x00000000   Code   RO         1447    .ARM.Collect$$libinit$$00000010  c_w.l(libinit2.o)
    0x0800022e   0x0800022e   0x00000000   Code   RO         1450    .ARM.Collect$$libinit$$00000013  c_w.l(libinit2.o)
    0x0800022e   0x0800022e   0x00000000   Code   RO         1452    .ARM.Collect$$libinit$$00000015  c_w.l(libinit2.o)
    0x0800022e   0x0800022e   0x00000000   Code   RO         1454    .ARM.Collect$$libinit$$00000017  c_w.l(libinit2.o)
    0x0800022e   0x0800022e   0x00000000   Code   RO         1456    .ARM.Collect$$libinit$$00000019  c_w.l(libinit2.o)
    0x0800022e   0x0800022e   0x00000000   Code   RO         1458    .ARM.Collect$$libinit$$0000001B  c_w.l(libinit2.o)
    0x0800022e   0x0800022e   0x00000000   Code   RO         1460    .ARM.Collect$$libinit$$0000001D  c_w.l(libinit2.o)
    0x0800022e   0x0800022e   0x00000000   Code   RO         1462    .ARM.Collect$$libinit$$0000001F  c_w.l(libinit2.o)
    0x0800022e   0x0800022e   0x00000000   Code   RO         1464    .ARM.Collect$$libinit$$00000021  c_w.l(libinit2.o)
    0x0800022e   0x0800022e   0x00000000   Code   RO         1466    .ARM.Collect$$libinit$$00000023  c_w.l(libinit2.o)
    0x0800022e   0x0800022e   0x00000000   Code   RO         1468    .ARM.Collect$$libinit$$00000025  c_w.l(libinit2.o)
    0x0800022e   0x0800022e   0x00000000   Code   RO         1470    .ARM.Collect$$libinit$$00000027  c_w.l(libinit2.o)
    0x0800022e   0x0800022e   0x00000000   Code   RO         1474    .ARM.Collect$$libinit$$0000002E  c_w.l(libinit2.o)
    0x0800022e   0x0800022e   0x00000000   Code   RO         1476    .ARM.Collect$$libinit$$00000030  c_w.l(libinit2.o)
    0x0800022e   0x0800022e   0x00000000   Code   RO         1478    .ARM.Collect$$libinit$$00000032  c_w.l(libinit2.o)
    0x0800022e   0x0800022e   0x00000000   Code   RO         1480    .ARM.Collect$$libinit$$00000034  c_w.l(libinit2.o)
    0x0800022e   0x0800022e   0x00000002   Code   RO         1481    .ARM.Collect$$libinit$$00000035  c_w.l(libinit2.o)
    0x08000230   0x08000230   0x00000002   Code   RO         1550    .ARM.Collect$$libshutdown$$00000000  c_w.l(libshutdown.o)
    0x08000232   0x08000232   0x00000000   Code   RO         1566    .ARM.Collect$$libshutdown$$00000002  c_w.l(libshutdown2.o)
    0x08000232   0x08000232   0x00000000   Code   RO         1568    .ARM.Collect$$libshutdown$$00000004  c_w.l(libshutdown2.o)
    0x08000232   0x08000232   0x00000000   Code   RO         1571    .ARM.Collect$$libshutdown$$00000007  c_w.l(libshutdown2.o)
    0x08000232   0x08000232   0x00000000   Code   RO         1574    .ARM.Collect$$libshutdown$$0000000A  c_w.l(libshutdown2.o)
    0x08000232   0x08000232   0x00000000   Code   RO         1576    .ARM.Collect$$libshutdown$$0000000C  c_w.l(libshutdown2.o)
    0x08000232   0x08000232   0x00000000   Code   RO         1579    .ARM.Collect$$libshutdown$$0000000F  c_w.l(libshutdown2.o)
    0x08000232   0x08000232   0x00000002   Code   RO         1580    .ARM.Collect$$libshutdown$$00000010  c_w.l(libshutdown2.o)
    0x08000234   0x08000234   0x00000000   Code   RO         1402    .ARM.Collect$$rtentry$$00000000  c_w.l(__rtentry.o)
    0x08000234   0x08000234   0x00000000   Code   RO         1419    .ARM.Collect$$rtentry$$00000002  c_w.l(__rtentry2.o)
    0x08000234   0x08000234   0x00000006   Code   RO         1431    .ARM.Collect$$rtentry$$00000004  c_w.l(__rtentry4.o)
    0x0800023a   0x0800023a   0x00000000   Code   RO         1421    .ARM.Collect$$rtentry$$00000009  c_w.l(__rtentry2.o)
    0x0800023a   0x0800023a   0x00000004   Code   RO         1422    .ARM.Collect$$rtentry$$0000000A  c_w.l(__rtentry2.o)
    0x0800023e   0x0800023e   0x00000000   Code   RO         1424    .ARM.Collect$$rtentry$$0000000C  c_w.l(__rtentry2.o)
    0x0800023e   0x0800023e   0x00000008   Code   RO         1425    .ARM.Collect$$rtentry$$0000000D  c_w.l(__rtentry2.o)
    0x08000246   0x08000246   0x00000002   Code   RO         1500    .ARM.Collect$$rtexit$$00000000  c_w.l(rtexit.o)
    0x08000248   0x08000248   0x00000000   Code   RO         1521    .ARM.Collect$$rtexit$$00000002  c_w.l(rtexit2.o)
    0x08000248   0x08000248   0x00000004   Code   RO         1522    .ARM.Collect$$rtexit$$00000003  c_w.l(rtexit2.o)
    0x0800024c   0x0800024c   0x00000006   Code   RO         1523    .ARM.Collect$$rtexit$$00000004  c_w.l(rtexit2.o)
    0x08000252   0x08000252   0x00000002   PAD
    0x08000254   0x08000254   0x00000040   Code   RO            4    .text               startup_stm32f407xx.o
    0x08000294   0x08000294   0x0000013c   Code   RO         1029    .text               context_rvds.o
    0x080003d0   0x080003d0   0x000000f0   Code   RO         1382    .text               c_w.l(lludivv7m.o)
    0x080004c0   0x080004c0   0x0000003e   Code   RO         1386    .text               c_w.l(strlen.o)
    0x080004fe   0x080004fe   0x00000096   Code   RO         1388    .text               c_w.l(strncmp.o)
    0x08000594   0x08000594   0x00000010   Code   RO         1390    .text               c_w.l(aeabi_memset.o)
    0x080005a4   0x080005a4   0x00000044   Code   RO         1392    .text               c_w.l(rt_memclr.o)
    0x080005e8   0x080005e8   0x0000004e   Code   RO         1394    .text               c_w.l(rt_memclr_w.o)
    0x08000636   0x08000636   0x00000002   PAD
    0x08000638   0x08000638   0x0000007c   Code   RO         1396    .text               c_w.l(strcmpv7em.o)
    0x080006b4   0x080006b4   0x00000006   Code   RO         1398    .text               c_w.l(heapauxi.o)
    0x080006ba   0x080006ba   0x00000002   PAD
    0x080006bc   0x080006bc   0x00000008   Code   RO         1415    .text               c_w.l(libspace.o)
    0x080006c4   0x080006c4   0x0000004a   Code   RO         1482    .text               c_w.l(sys_stackheap_outer.o)
    0x0800070e   0x0800070e   0x00000012   Code   RO         1484    .text               c_w.l(exit.o)
    0x08000720   0x08000720   0x0000000c   Code   RO         1514    .text               c_w.l(sys_exit.o)
    0x0800072c   0x0800072c   0x00000002   Code   RO         1541    .text               c_w.l(use_no_semi.o)
    0x0800072e   0x0800072e   0x00000000   Code   RO         1543    .text               c_w.l(indicate_semi.o)
    0x0800072e   0x0800072e   0x00000002   PAD
    0x08000730   0x08000730   0x0000006c   Code   RO         1088    .text.$Sub$$main    components.o
    0x0800079c   0x0800079c   0x00000002   Code   RO           57    .text.BusFault_Handler  stm32f4xx_it.o
    0x0800079e   0x0800079e   0x00000002   PAD
    0x080007a0   0x080007a0   0x00000002   Code   RO           61    .text.DebugMon_Handler  stm32f4xx_it.o
    0x080007a2   0x080007a2   0x00000002   PAD
    0x080007a4   0x080007a4   0x00000006   Code   RO           17    .text.Error_Handler  main.o
    0x080007aa   0x080007aa   0x00000002   PAD
    0x080007ac   0x080007ac   0x0000019e   Code   RO          205    .text.HAL_GPIO_Init  stm32f4xx_hal_gpio.o
    0x0800094a   0x0800094a   0x00000002   PAD
    0x0800094c   0x0800094c   0x0000000c   Code   RO          402    .text.HAL_GetTick   stm32f4xx_hal.o
    0x08000958   0x08000958   0x0000001a   Code   RO          400    .text.HAL_IncTick   stm32f4xx_hal.o
    0x08000972   0x08000972   0x00000002   PAD
    0x08000974   0x08000974   0x00000036   Code   RO          390    .text.HAL_Init      stm32f4xx_hal.o
    0x080009aa   0x080009aa   0x00000002   PAD
    0x080009ac   0x080009ac   0x000000aa   Code   RO           80    .text.HAL_InitTick  stm32f4xx_hal_timebase_tim.o
    0x08000a56   0x08000a56   0x00000002   PAD
    0x08000a58   0x08000a58   0x00000038   Code   RO           72    .text.HAL_MspInit   stm32f4xx_hal_msp.o
    0x08000a90   0x08000a90   0x00000022   Code   RO          342    .text.HAL_NVIC_EnableIRQ  stm32f4xx_hal_cortex.o
    0x08000ab2   0x08000ab2   0x00000002   PAD
    0x08000ab4   0x08000ab4   0x00000056   Code   RO          340    .text.HAL_NVIC_SetPriority  stm32f4xx_hal_cortex.o
    0x08000b0a   0x08000b0a   0x00000002   PAD
    0x08000b0c   0x08000b0c   0x00000020   Code   RO          338    .text.HAL_NVIC_SetPriorityGrouping  stm32f4xx_hal_cortex.o
    0x08000b2c   0x08000b2c   0x00000164   Code   RO           99    .text.HAL_RCC_ClockConfig  stm32f4xx_hal_rcc.o
    0x08000c90   0x08000c90   0x0000003e   Code   RO          117    .text.HAL_RCC_GetClockConfig  stm32f4xx_hal_rcc.o
    0x08000cce   0x08000cce   0x00000002   PAD
    0x08000cd0   0x08000cd0   0x0000000c   Code   RO          109    .text.HAL_RCC_GetHCLKFreq  stm32f4xx_hal_rcc.o
    0x08000cdc   0x08000cdc   0x00000026   Code   RO          111    .text.HAL_RCC_GetPCLK1Freq  stm32f4xx_hal_rcc.o
    0x08000d02   0x08000d02   0x00000002   PAD
    0x08000d04   0x08000d04   0x00000026   Code   RO          113    .text.HAL_RCC_GetPCLK2Freq  stm32f4xx_hal_rcc.o
    0x08000d2a   0x08000d2a   0x00000002   PAD
    0x08000d2c   0x08000d2c   0x0000006e   Code   RO          101    .text.HAL_RCC_GetSysClockFreq  stm32f4xx_hal_rcc.o
    0x08000d9a   0x08000d9a   0x00000002   PAD
    0x08000d9c   0x08000d9c   0x000003ac   Code   RO           97    .text.HAL_RCC_OscConfig  stm32f4xx_hal_rcc.o
    0x08001148   0x08001148   0x0000002c   Code   RO          350    .text.HAL_SYSTICK_Config  stm32f4xx_hal_cortex.o
    0x08001174   0x08001174   0x00000002   Code   RO          785    .text.HAL_TIMEx_BreakCallback  stm32f4xx_hal_tim_ex.o
    0x08001176   0x08001176   0x00000002   PAD
    0x08001178   0x08001178   0x00000002   Code   RO          781    .text.HAL_TIMEx_CommutCallback  stm32f4xx_hal_tim_ex.o
    0x0800117a   0x0800117a   0x00000002   PAD
    0x0800117c   0x0800117c   0x0000005a   Code   RO          480    .text.HAL_TIM_Base_Init  stm32f4xx_hal_tim.o
    0x080011d6   0x080011d6   0x00000002   PAD
    0x080011d8   0x080011d8   0x00000002   Code   RO          482    .text.HAL_TIM_Base_MspInit  stm32f4xx_hal_tim.o
    0x080011da   0x080011da   0x00000002   PAD
    0x080011dc   0x080011dc   0x000000aa   Code   RO          494    .text.HAL_TIM_Base_Start_IT  stm32f4xx_hal_tim.o
    0x08001286   0x08001286   0x00000002   PAD
    0x08001288   0x08001288   0x00000002   Code   RO          616    .text.HAL_TIM_IC_CaptureCallback  stm32f4xx_hal_tim.o
    0x0800128a   0x0800128a   0x00000002   PAD
    0x0800128c   0x0800128c   0x0000014e   Code   RO          614    .text.HAL_TIM_IRQHandler  stm32f4xx_hal_tim.o
    0x080013da   0x080013da   0x00000002   PAD
    0x080013dc   0x080013dc   0x00000002   Code   RO          618    .text.HAL_TIM_OC_DelayElapsedCallback  stm32f4xx_hal_tim.o
    0x080013de   0x080013de   0x00000002   PAD
    0x080013e0   0x080013e0   0x00000002   Code   RO          620    .text.HAL_TIM_PWM_PulseFinishedCallback  stm32f4xx_hal_tim.o
    0x080013e2   0x080013e2   0x00000002   PAD
    0x080013e4   0x080013e4   0x00000012   Code   RO           19    .text.HAL_TIM_PeriodElapsedCallback  main.o
    0x080013f6   0x080013f6   0x00000002   PAD
    0x080013f8   0x080013f8   0x00000002   Code   RO          624    .text.HAL_TIM_TriggerCallback  stm32f4xx_hal_tim.o
    0x080013fa   0x080013fa   0x00000002   PAD
    0x080013fc   0x080013fc   0x00000060   Code   RO          799    .text.HAL_UART_Init  stm32f4xx_hal_uart.o
    0x0800145c   0x0800145c   0x00000076   Code   RO           40    .text.HAL_UART_MspInit  usart.o
    0x080014d2   0x080014d2   0x00000002   PAD
    0x080014d4   0x080014d4   0x00000192   Code   RO          815    .text.HAL_UART_Transmit  stm32f4xx_hal_uart.o
    0x08001666   0x08001666   0x00000002   PAD
    0x08001668   0x08001668   0x00000038   Code   RO           30    .text.MX_GPIO_Init  gpio.o
    0x080016a0   0x080016a0   0x0000003c   Code   RO           38    .text.MX_USART1_UART_Init  usart.o
    0x080016dc   0x080016dc   0x00000002   Code   RO           55    .text.MemManage_Handler  stm32f4xx_it.o
    0x080016de   0x080016de   0x00000002   PAD
    0x080016e0   0x080016e0   0x00000002   Code   RO           53    .text.NMI_Handler   stm32f4xx_it.o
    0x080016e2   0x080016e2   0x00000002   PAD
    0x080016e4   0x080016e4   0x00000012   Code   RO         1355    .text.SysTick_Handler  board.o
    0x080016f6   0x080016f6   0x00000002   PAD
    0x080016f8   0x080016f8   0x000000ac   Code   RO           15    .text.SystemClock_Config  main.o
    0x080017a4   0x080017a4   0x00000086   Code   RO          923    .text.SystemCoreClockUpdate  system_stm32f4xx.o
    0x0800182a   0x0800182a   0x00000002   PAD
    0x0800182c   0x0800182c   0x00000012   Code   RO          921    .text.SystemInit    system_stm32f4xx.o
    0x0800183e   0x0800183e   0x00000002   PAD
    0x08001840   0x08001840   0x0000000c   Code   RO           63    .text.TIM1_UP_TIM10_IRQHandler  stm32f4xx_it.o
    0x0800184c   0x0800184c   0x0000013a   Code   RO          484    .text.TIM_Base_SetConfig  stm32f4xx_hal_tim.o
    0x08001986   0x08001986   0x00000002   PAD
    0x08001988   0x08001988   0x000000e6   Code   RO          803    .text.UART_SetConfig  stm32f4xx_hal_uart.o
    0x08001a6e   0x08001a6e   0x00000002   PAD
    0x08001a70   0x08001a70   0x00000002   Code   RO           59    .text.UsageFault_Handler  stm32f4xx_it.o
    0x08001a72   0x08001a72   0x00000002   PAD
    0x08001a74   0x08001a74   0x00000038   Code   RO         1220    .text.__rt_ffs      kservice.o
    0x08001aac   0x08001aac   0x0000003a   Code   RO         1316    .text._thread_exit  thread.o
    0x08001ae6   0x08001ae6   0x00000002   PAD
    0x08001ae8   0x08001ae8   0x00000034   Code   RO         1318    .text._thread_timeout  thread.o
    0x08001b1c   0x08001b1c   0x00000014   Code   RO          937    .text.clear         cmd.o
    0x08001b30   0x08001b30   0x000000e8   Code   RO          947    .text.cmd_list      cmd.o
    0x08001c18   0x08001c18   0x000000a4   Code   RO         1013    .text.finsh_system_init  shell.o
    0x08001cbc   0x08001cbc   0x0000040c   Code   RO         1009    .text.finsh_thread_entry  shell.o
    0x080020c8   0x080020c8   0x00000278   Code   RO          943    .text.list_sem      cmd.o
    0x08002340   0x08002340   0x00000278   Code   RO          941    .text.list_thread   cmd.o
    0x080025b8   0x080025b8   0x00000658   Code   RO          945    .text.list_timer    cmd.o
    0x08002c10   0x08002c10   0x0000001a   Code   RO           13    .text.main          main.o
    0x08002c2a   0x08002c2a   0x00000002   PAD
    0x08002c2c   0x08002c2c   0x00000032   Code   RO         1092    .text.main_thread_entry  components.o
    0x08002c5e   0x08002c5e   0x00000002   PAD
    0x08002c60   0x08002c60   0x00000148   Code   RO          969    .text.msh_auto_complete  msh.o
    0x08002da8   0x08002da8   0x000003d0   Code   RO          967    .text.msh_exec      msh.o
    0x08003178   0x08003178   0x0000005a   Code   RO          965    .text.msh_help      msh.o
    0x080031d2   0x080031d2   0x00000002   PAD
    0x080031d4   0x080031d4   0x0000057c   Code   RO         1208    .text.print_number  kservice.o
    0x08003750   0x08003750   0x00000004   Code   RO         1357    .text.reboot        board.o
    0x08003754   0x08003754   0x0000002a   Code   RO         1084    .text.rt_components_board_init  components.o
    0x0800377e   0x0800377e   0x00000002   PAD
    0x08003780   0x08003780   0x0000001c   Code   RO         1272    .text.rt_enter_critical  scheduler.o
    0x0800379c   0x0800379c   0x0000003c   Code   RO         1274    .text.rt_exit_critical  scheduler.o
    0x080037d8   0x080037d8   0x0000002c   Code   RO         1359    .text.rt_hw_board_init  board.o
    0x08003804   0x08003804   0x0000002a   Code   RO         1365    .text.rt_hw_console_getchar  board.o
    0x0800382e   0x0800382e   0x00000002   PAD
    0x08003830   0x08003830   0x00000060   Code   RO         1363    .text.rt_hw_console_output  board.o
    0x08003890   0x08003890   0x00000012   Code   RO         1042    .text.rt_hw_cpu_reset  cpuport.o
    0x080038a2   0x080038a2   0x00000002   PAD
    0x080038a4   0x080038a4   0x00000444   Code   RO         1038    .text.rt_hw_hard_fault_exception  cpuport.o
    0x08003ce8   0x08003ce8   0x00000042   Code   RO         1034    .text.rt_hw_stack_init  cpuport.o
    0x08003d2a   0x08003d2a   0x00000002   PAD
    0x08003d2c   0x08003d2c   0x0000001c   Code   RO         1153    .text.rt_interrupt_enter  irq.o
    0x08003d48   0x08003d48   0x0000001c   Code   RO         1155    .text.rt_interrupt_leave  irq.o
    0x08003d64   0x08003d64   0x0000003e   Code   RO         1204    .text.rt_kprintf    kservice.o
    0x08003da2   0x08003da2   0x00000002   PAD
    0x08003da4   0x08003da4   0x000001f0   Code   RO         1180    .text.rt_memcpy     kservice.o
    0x08003f94   0x08003f94   0x000000f8   Code   RO         1182    .text.rt_memmove    kservice.o
    0x0800408c   0x0800408c   0x00000110   Code   RO         1178    .text.rt_memset     kservice.o
    0x0800419c   0x0800419c   0x00000022   Code   RO         1245    .text.rt_object_detach  object.o
    0x080041be   0x080041be   0x00000002   PAD
    0x080041c0   0x080041c0   0x0000002a   Code   RO         1237    .text.rt_object_get_information  object.o
    0x080041ea   0x080041ea   0x00000002   PAD
    0x080041ec   0x080041ec   0x0000007e   Code   RO         1243    .text.rt_object_init  object.o
    0x0800426a   0x0800426a   0x00000002   PAD
    0x0800426c   0x0800426c   0x00000006   Code   RO         1247    .text.rt_object_is_systemobject  object.o
    0x08004272   0x08004272   0x00000002   PAD
    0x08004274   0x08004274   0x000001a4   Code   RO         1268    .text.rt_schedule   scheduler.o
    0x08004418   0x08004418   0x0000007e   Code   RO         1270    .text.rt_schedule_insert_thread  scheduler.o
    0x08004496   0x08004496   0x00000002   PAD
    0x08004498   0x08004498   0x00000052   Code   RO         1266    .text.rt_schedule_remove_thread  scheduler.o
    0x080044ea   0x080044ea   0x00000002   PAD
    0x080044ec   0x080044ec   0x00000020   Code   RO         1133    .text.rt_sem_init   ipc.o
    0x0800450c   0x0800450c   0x000000c8   Code   RO         1202    .text.rt_show_version  kservice.o
    0x080045d4   0x080045d4   0x00000024   Code   RO         1214    .text.rt_sprintf    kservice.o
    0x080045f8   0x080045f8   0x0000004c   Code   RO         1170    .text.rt_strerror   kservice.o
    0x08004644   0x08004644   0x0000002e   Code   RO         1188    .text.rt_strlen     kservice.o
    0x08004672   0x08004672   0x00000002   PAD
    0x08004674   0x08004674   0x00000096   Code   RO         1192    .text.rt_strncpy    kservice.o
    0x0800470a   0x0800470a   0x00000002   PAD
    0x0800470c   0x0800470c   0x0000011c   Code   RO         1262    .text.rt_system_scheduler_init  scheduler.o
    0x08004828   0x08004828   0x00000066   Code   RO         1264    .text.rt_system_scheduler_start  scheduler.o
    0x0800488e   0x0800488e   0x00000002   PAD
    0x08004890   0x08004890   0x00000010   Code   RO         1342    .text.rt_system_timer_init  timer.o
    0x080048a0   0x080048a0   0x00000002   Code   RO         1344    .text.rt_system_timer_thread_init  timer.o
    0x080048a2   0x080048a2   0x00000002   PAD
    0x080048a4   0x080048a4   0x00000016   Code   RO         1112    .text.rt_thread_defunct_enqueue  idle.o
    0x080048ba   0x080048ba   0x00000002   PAD
    0x080048bc   0x080048bc   0x0000005a   Code   RO         1118    .text.rt_thread_idle_entry  idle.o
    0x08004916   0x08004916   0x00000002   PAD
    0x08004918   0x08004918   0x00000058   Code   RO         1116    .text.rt_thread_idle_init  idle.o
    0x08004970   0x08004970   0x0000008a   Code   RO         1290    .text.rt_thread_init  thread.o
    0x080049fa   0x080049fa   0x00000002   PAD
    0x080049fc   0x080049fc   0x0000000e   Code   RO         1310    .text.rt_thread_mdelay  thread.o
    0x08004a0a   0x08004a0a   0x00000002   PAD
    0x08004a0c   0x08004a0c   0x0000000c   Code   RO         1292    .text.rt_thread_self  thread.o
    0x08004a18   0x08004a18   0x0000007c   Code   RO         1302    .text.rt_thread_sleep  thread.o
    0x08004a94   0x08004a94   0x00000056   Code   RO         1294    .text.rt_thread_startup  thread.o
    0x08004aea   0x08004aea   0x00000002   PAD
    0x08004aec   0x08004aec   0x00000006   Code   RO         1063    .text.rt_tick_from_millisecond  clock.o
    0x08004af2   0x08004af2   0x00000002   PAD
    0x08004af4   0x08004af4   0x0000000c   Code   RO         1057    .text.rt_tick_get   clock.o
    0x08004b00   0x08004b00   0x00000052   Code   RO         1061    .text.rt_tick_increase  clock.o
    0x08004b52   0x08004b52   0x00000002   PAD
    0x08004b54   0x08004b54   0x0000014c   Code   RO         1338    .text.rt_timer_check  timer.o
    0x08004ca0   0x08004ca0   0x00000074   Code   RO         1336    .text.rt_timer_control  timer.o
    0x08004d14   0x08004d14   0x0000002e   Code   RO         1330    .text.rt_timer_detach  timer.o
    0x08004d42   0x08004d42   0x00000002   PAD
    0x08004d44   0x08004d44   0x00000032   Code   RO         1328    .text.rt_timer_init  timer.o
    0x08004d76   0x08004d76   0x00000002   PAD
    0x08004d78   0x08004d78   0x000000c4   Code   RO         1332    .text.rt_timer_start  timer.o
    0x08004e3c   0x08004e3c   0x00000036   Code   RO         1334    .text.rt_timer_stop  timer.o
    0x08004e72   0x08004e72   0x00000002   PAD
    0x08004e74   0x08004e74   0x0000081c   Code   RO         1206    .text.rt_vsnprintf  kservice.o
    0x08005690   0x08005690   0x00000004   Code   RO         1080    .text.rti_board_end  components.o
    0x08005694   0x08005694   0x00000004   Code   RO         1078    .text.rti_board_start  components.o
    0x08005698   0x08005698   0x00000004   Code   RO         1082    .text.rti_end       components.o
    0x0800569c   0x0800569c   0x00000004   Code   RO         1076    .text.rti_start     components.o
    0x080056a0   0x080056a0   0x00000038   Code   RO         1361    .text.uart_init     board.o
    0x080056d8   0x080056d8   0x0000000a   Code   RO          939    .text.version       cmd.o
    0x080056e2   0x080056e2   0x0000001a   Code   RO         1498    x$fpl$fpinit        fz_wm.l(fpinit.o)
    0x080056fc   0x080056fc   0x00000010   Data   RO          926    .rodata.AHBPrescTable  system_stm32f4xx.o
    0x0800570c   0x0800570c   0x00000008   Data   RO          927    .rodata.APBPrescTable  system_stm32f4xx.o
    0x08005714   0x08005714   0x00000100   Data   RO         1225    .rodata.__lowest_bit_bitmap  kservice.o
    0x08005814   0x08005814   0x000000b7   Data   RO          949    .rodata.name        cmd.o
    0x080058cb   0x080058cb   0x0000001b   Data   RO          972    .rodata.name        msh.o
    0x080058e6   0x080058e6   0x00000015   Data   RO         1367    .rodata.name        board.o
    0x080058fb   0x080058fb   0x000000c4   Data   RO          952    .rodata.str1.1      cmd.o
    0x080059bf   0x080059bf   0x00000027   Data   RO          971    .rodata.str1.1      msh.o
    0x080059e6   0x080059e6   0x0000000a   Data   RO         1016    .rodata.str1.1      shell.o
    0x080059f0   0x080059f0   0x000001bb   Data   RO         1045    .rodata.str1.1      cpuport.o
    0x08005bab   0x08005bab   0x00000005   Data   RO         1101    .rodata.str1.1      components.o
    0x08005bb0   0x08005bb0   0x00000059   Data   RO         1223    .rodata.str1.1      kservice.o
    0x08005c09   0x08005c09   0x00000003   PAD
    0x08005c0c   0x08005c0c   0x00000004   Data   RO         1096    .rti_fn.0           components.o
    0x08005c10   0x08005c10   0x00000004   Data   RO         1097    .rti_fn.0.end       components.o
    0x08005c14   0x08005c14   0x00000004   Data   RO         1369    .rti_fn.1           board.o
    0x08005c18   0x08005c18   0x00000004   Data   RO         1098    .rti_fn.1.end       components.o
    0x08005c1c   0x08005c1c   0x00000004   Data   RO         1020    .rti_fn.6           shell.o
    0x08005c20   0x08005c20   0x00000004   Data   RO         1099    .rti_fn.6.end       components.o
    0x08005c24   0x08005c24   0x0000000c   Data   RO          950    FSymTab             cmd.o
    0x08005c30   0x08005c30   0x0000000c   Data   RO          951    FSymTab             cmd.o
    0x08005c3c   0x08005c3c   0x0000000c   Data   RO          953    FSymTab             cmd.o
    0x08005c48   0x08005c48   0x0000000c   Data   RO          954    FSymTab             cmd.o
    0x08005c54   0x08005c54   0x0000000c   Data   RO          955    FSymTab             cmd.o
    0x08005c60   0x08005c60   0x0000000c   Data   RO          956    FSymTab             cmd.o
    0x08005c6c   0x08005c6c   0x0000000c   Data   RO          973    FSymTab             msh.o
    0x08005c78   0x08005c78   0x0000000c   Data   RO         1368    FSymTab             board.o
    0x08005c84   0x08005c84   0x00000020   Data   RO         1582    Region$$Table       anon$$obj.o


    Execution Region RW_IRAM1 (Exec base: 0x20000000, Load base: 0x08005ca8, Size: 0x00001428, Max: 0x0001c000, ABSOLUTE)

    Exec Addr    Load Addr    Size         Type   Attr      Idx    E Section Name        Object

    0x20000000   0x08005ca8   0x00000008   Data   RW          445    .data..L_MergedGlobals  stm32f4xx_hal.o
    0x20000008   0x08005cb0   0x00000004   Data   RW          925    .data.SystemCoreClock  system_stm32f4xx.o
    0x2000000c   0x08005cb4   0x00000030   Data   RW         1253    .data._object_container  object.o
    0x2000003c   0x08005ce4   0x00000008   Data   RW         1122    .data._rt_thread_defunct  idle.o
    0x20000044   0x08005cec   0x00000004   PAD
    0x20000048        -       0x00000060   Zero   RW         1416    .bss                c_w.l(libspace.o)
    0x200000a8        -       0x0000000c   Zero   RW         1021    .bss..L_MergedGlobals  shell.o
    0x200000b4        -       0x0000000c   Zero   RW         1279    .bss..L_MergedGlobals  scheduler.o
    0x200000c0        -       0x0000000c   Zero   RW         1346    .bss..L_MergedGlobals  timer.o
    0x200000cc        -       0x00000048   Zero   RW         1370    .bss.UartHandle     board.o
    0x20000114        -       0x00000078   Zero   RW         1017    .bss._shell         shell.o
    0x2000018c        -       0x00000081   Zero   RW         1015    .bss.finsh_get_prompt.finsh_prompt  shell.o
    0x2000020d   0x08005cec   0x00000003   PAD
    0x20000210        -       0x00000078   Zero   RW         1018    .bss.finsh_thread   shell.o
    0x20000288        -       0x00000400   Zero   RW         1019    .bss.finsh_thread_stack  shell.o
    0x20000688        -       0x00000048   Zero   RW           86    .bss.htim1          stm32f4xx_hal_timebase_tim.o
    0x200006d0        -       0x00000048   Zero   RW           44    .bss.huart1         usart.o
    0x20000718        -       0x00000078   Zero   RW         1123    .bss.idle           idle.o
    0x20000790        -       0x00000400   Zero   RW         1102    .bss.main_stack     components.o
    0x20000b90        -       0x00000078   Zero   RW         1100    .bss.main_thread    components.o
    0x20000c08        -       0x00000004   Zero   RW         1044    .bss.rt_exception_hook  cpuport.o
    0x20000c0c        -       0x00000004   Zero   RW         1046    .bss.rt_interrupt_from_thread  cpuport.o
    0x20000c10        -       0x00000001   Zero   RW         1159    .bss.rt_interrupt_nest  irq.o
    0x20000c11   0x08005cec   0x00000003   PAD
    0x20000c14        -       0x00000004   Zero   RW         1047    .bss.rt_interrupt_to_thread  cpuport.o
    0x20000c18        -       0x00000080   Zero   RW         1224    .bss.rt_kprintf.rt_log_buf  kservice.o
    0x20000c98        -       0x00000100   Zero   RW         1278    .bss.rt_thread_priority_table  scheduler.o
    0x20000d98        -       0x00000080   Zero   RW         1124    .bss.rt_thread_stack  idle.o
    0x20000e18        -       0x00000004   Zero   RW         1048    .bss.rt_thread_switch_interrupt_flag  cpuport.o
    0x20000e1c        -       0x00000004   Zero   RW         1067    .bss.rt_tick        clock.o
    0x20000e20        -       0x00000004   Zero   RW          444    .bss.uwTick         stm32f4xx_hal.o
    0x20000e24   0x08005cec   0x00000004   PAD
    0x20000e28        -       0x00000200   Zero   RW            2    HEAP                startup_stm32f407xx.o
    0x20001028        -       0x00000400   Zero   RW            1    STACK               startup_stm32f407xx.o


    Execution Region RW_IRAM2 (Exec base: 0x2001c000, Load base: 0x08005cf0, Size: 0x00000000, Max: 0x00004000, ABSOLUTE)

    **** No section assigned to this execution region ****


==============================================================================

Image component sizes


      Code (inc. data)   RO Data    RW Data    ZI Data      Debug   Object Name

       260          0         37          0         72       5298   board.o
       100          0          0          0          4       2820   clock.o
      3150        504        451          0          0      16612   cmd.o
       216          0         21          0       1144       3881   components.o
       316         28          0          0          0        908   context_rvds.o
      1176        168        443          0         16       4622   cpuport.o
        56          0          0          0          0       1425   gpio.o
       200          8          0          8        248       3879   idle.o
        32          0          0          0          0       6374   ipc.o
        56          0          0          0          1       1229   irq.o
      5122        484        345          0        128      26325   kservice.o
       222          0          0          0          0       6667   main.o
      1394         64         78          0          0       6808   msh.o
       208          0          0         48          0       6619   object.o
      1102          0          0          0        268       7554   scheduler.o
      1200        194         14          0       1405       6290   shell.o
        64         26        392          0       1536        840   startup_stm32f407xx.o
        92          0          0          8          4       7303   stm32f4xx_hal.o
       196          0          0          0          0      10721   stm32f4xx_hal_cortex.o
       414          0          0          0          0       5431   stm32f4xx_hal_gpio.o
        56          0          0          0          0       1451   stm32f4xx_hal_msp.o
      1556          4          0          0          0       7573   stm32f4xx_hal_rcc.o
       918          0          0          0          0      58482   stm32f4xx_hal_tim.o
         4          0          0          0          0      21929   stm32f4xx_hal_tim_ex.o
       170          0          0          0         72       7184   stm32f4xx_hal_timebase_tim.o
       728          0          0          0          0      32797   stm32f4xx_hal_uart.o
        22          0          0          0          0       4085   stm32f4xx_it.o
       152          4         24          4          0       2592   system_stm32f4xx.o
       484          0          0          0          0       8435   thread.o
       812          8          0          0         12       8304   timer.o
       178          0          0          0         72       5050   usart.o

    ----------------------------------------------------------------------
     20782       1492       1840         68       4996     289488   Object Totals
         0          0         32          0          0          0   (incl. Generated)
       126          0          3          0         14          0   (incl. Padding)

    ----------------------------------------------------------------------

      Code (inc. data)   RO Data    RW Data    ZI Data      Debug   Library Member Name

         8          0          0          0          0         68   __main.o
         0          0          0          0          0          0   __rtentry.o
        12          0          0          0          0          0   __rtentry2.o
         6          0          0          0          0          0   __rtentry4.o
        94          8          0          0          0          0   __scatter.o
        26          0          0          0          0          0   __scatter_copy.o
        28          0          0          0          0          0   __scatter_zi.o
        16          0          0          0          0         68   aeabi_memset.o
        18          0          0          0          0         80   exit.o
         6          0          0          0          0        152   heapauxi.o
         0          0          0          0          0          0   indicate_semi.o
         2          0          0          0          0          0   libinit.o
         6          0          0          0          0          0   libinit2.o
         2          0          0          0          0          0   libshutdown.o
         2          0          0          0          0          0   libshutdown2.o
         8          4          0          0         96         68   libspace.o
       240          0          0          0          0        100   lludivv7m.o
        68          0          0          0          0         68   rt_memclr.o
        78          0          0          0          0         80   rt_memclr_w.o
         2          0          0          0          0          0   rtexit.o
        10          0          0          0          0          0   rtexit2.o
       124          0          0          0          0         88   strcmpv7em.o
        62          0          0          0          0         76   strlen.o
       150          0          0          0          0         80   strncmp.o
        12          4          0          0          0         68   sys_exit.o
        74          0          0          0          0         80   sys_stackheap_outer.o
         2          0          0          0          0         68   use_no_semi.o
        26          0          0          0          0        116   fpinit.o

    ----------------------------------------------------------------------
      1094         16          0          0         96       1260   Library Totals
        12          0          0          0          0          0   (incl. Padding)

    ----------------------------------------------------------------------

      Code (inc. data)   RO Data    RW Data    ZI Data      Debug   Library Name

      1056         16          0          0         96       1144   c_w.l
        26          0          0          0          0        116   fz_wm.l

    ----------------------------------------------------------------------
      1094         16          0          0         96       1260   Library Totals

    ----------------------------------------------------------------------

==============================================================================


      Code (inc. data)   RO Data    RW Data    ZI Data      Debug   

     21876       1508       1840         68       5092     289636   Grand Totals
     21876       1508       1840         68       5092     289636   ELF Image Totals
     21876       1508       1840         68          0          0   ROM Totals

==============================================================================

    Total RO  Size (Code + RO Data)                23716 (  23.16kB)
    Total RW  Size (RW Data + ZI Data)              5160 (   5.04kB)
    Total ROM Size (Code + RO Data + RW Data)      23784 (  23.23kB)

==============================================================================

